Archive member included to satisfy reference by file (symbol)

../button_test_bsp/\libhal_bsp.a(alt_load.o)
                              ../button_test_bsp//obj/HAL/src/crt0.o (alt_load)
../button_test_bsp/\libhal_bsp.a(alt_main.o)
                              ../button_test_bsp//obj/HAL/src/crt0.o (alt_main)
../button_test_bsp/\libhal_bsp.a(alt_putstr.o)
                              obj/default/button_test.o (alt_putstr)
../button_test_bsp/\libhal_bsp.a(alt_sys_init.o)
                              ../button_test_bsp/\libhal_bsp.a(alt_main.o) (alt_irq_init)
../button_test_bsp/\libhal_bsp.a(altera_avalon_jtag_uart_fd.o)
                              ../button_test_bsp/\libhal_bsp.a(alt_sys_init.o) (altera_avalon_jtag_uart_read_fd)
../button_test_bsp/\libhal_bsp.a(altera_avalon_jtag_uart_init.o)
                              ../button_test_bsp/\libhal_bsp.a(alt_sys_init.o) (altera_avalon_jtag_uart_init)
../button_test_bsp/\libhal_bsp.a(altera_avalon_jtag_uart_ioctl.o)
                              ../button_test_bsp/\libhal_bsp.a(altera_avalon_jtag_uart_fd.o) (altera_avalon_jtag_uart_ioctl)
../button_test_bsp/\libhal_bsp.a(altera_avalon_jtag_uart_read.o)
                              ../button_test_bsp/\libhal_bsp.a(altera_avalon_jtag_uart_fd.o) (altera_avalon_jtag_uart_read)
../button_test_bsp/\libhal_bsp.a(altera_avalon_jtag_uart_write.o)
                              ../button_test_bsp/\libhal_bsp.a(altera_avalon_jtag_uart_fd.o) (altera_avalon_jtag_uart_write)
../button_test_bsp/\libhal_bsp.a(alt_alarm_start.o)
                              ../button_test_bsp/\libhal_bsp.a(altera_avalon_jtag_uart_init.o) (alt_alarm_start)
../button_test_bsp/\libhal_bsp.a(alt_close.o)
                              ../button_test_bsp/\libhal_bsp.a(alt_main.o) (close)
../button_test_bsp/\libhal_bsp.a(alt_dcache_flush_all.o)
                              ../button_test_bsp/\libhal_bsp.a(alt_load.o) (alt_dcache_flush_all)
../button_test_bsp/\libhal_bsp.a(alt_dev.o)
                              ../button_test_bsp/\libhal_bsp.a(alt_sys_init.o) (alt_dev_list)
../button_test_bsp/\libhal_bsp.a(alt_dev_llist_insert.o)
                              ../button_test_bsp/\libhal_bsp.a(alt_sys_init.o) (alt_dev_llist_insert)
../button_test_bsp/\libhal_bsp.a(alt_do_ctors.o)
                              ../button_test_bsp/\libhal_bsp.a(alt_main.o) (_do_ctors)
../button_test_bsp/\libhal_bsp.a(alt_do_dtors.o)
                              ../button_test_bsp/\libhal_bsp.a(alt_main.o) (_do_dtors)
../button_test_bsp/\libhal_bsp.a(alt_errno.o)
                              ../button_test_bsp/\libhal_bsp.a(alt_close.o) (alt_errno)
../button_test_bsp/\libhal_bsp.a(alt_icache_flush_all.o)
                              ../button_test_bsp/\libhal_bsp.a(alt_load.o) (alt_icache_flush_all)
../button_test_bsp/\libhal_bsp.a(alt_iic.o)
                              ../button_test_bsp/\libhal_bsp.a(altera_avalon_jtag_uart_init.o) (alt_ic_isr_register)
../button_test_bsp/\libhal_bsp.a(alt_iic_isr_register.o)
                              ../button_test_bsp/\libhal_bsp.a(alt_iic.o) (alt_iic_isr_register)
../button_test_bsp/\libhal_bsp.a(alt_io_redirect.o)
                              ../button_test_bsp/\libhal_bsp.a(alt_main.o) (alt_io_redirect)
../button_test_bsp/\libhal_bsp.a(alt_irq_entry.o)
                              ../button_test_bsp/\libhal_bsp.a(alt_iic_isr_register.o) (alt_irq_entry)
../button_test_bsp/\libhal_bsp.a(alt_irq_handler.o)
                              ../button_test_bsp/\libhal_bsp.a(alt_iic_isr_register.o) (alt_irq)
../button_test_bsp/\libhal_bsp.a(alt_irq_vars.o)
                              ../button_test_bsp/\libhal_bsp.a(alt_iic.o) (alt_irq_active)
../button_test_bsp/\libhal_bsp.a(alt_open.o)
                              ../button_test_bsp/\libhal_bsp.a(alt_io_redirect.o) (open)
../button_test_bsp/\libhal_bsp.a(alt_release_fd.o)
                              ../button_test_bsp/\libhal_bsp.a(alt_close.o) (alt_release_fd)
../button_test_bsp/\libhal_bsp.a(alt_tick.o)
                              ../button_test_bsp/\libhal_bsp.a(altera_avalon_jtag_uart_init.o) (_alt_tick_rate)
../button_test_bsp/\libhal_bsp.a(altera_nios2_gen2_irq.o)
                              ../button_test_bsp/\libhal_bsp.a(alt_sys_init.o) (altera_nios2_gen2_irq_init)
../button_test_bsp/\libhal_bsp.a(alt_exception_entry.o)
                              ../button_test_bsp/\libhal_bsp.a(alt_irq_entry.o) (alt_exception)
../button_test_bsp/\libhal_bsp.a(alt_find_dev.o)
                              ../button_test_bsp/\libhal_bsp.a(alt_open.o) (alt_find_dev)
../button_test_bsp/\libhal_bsp.a(alt_find_file.o)
                              ../button_test_bsp/\libhal_bsp.a(alt_open.o) (alt_find_file)
../button_test_bsp/\libhal_bsp.a(alt_get_fd.o)
                              ../button_test_bsp/\libhal_bsp.a(alt_open.o) (alt_get_fd)
../button_test_bsp/\libhal_bsp.a(alt_instruction_exception_entry.o)
[...]
Memory Configuration

Name             Origin             Length             Attributes
reset            0x0000000000010000 0x0000000000000020
onchip_ram       0x0000000000010020 0x000000000000ffe0
*default*        0x0000000000000000 0xffffffffffffffff

Linker script and memory map

LOAD ../button_test_bsp//obj/HAL/src/crt0.o
LOAD obj/default/button_test.o
LOAD c:/intelfpga/18.0/nios2eds/bin/gnu/h-x86_64-mingw32/bin/../lib/gcc/nios2-elf/5.3.0/../../../../../H-x86_64-mingw32/nios2-elf/lib/mno-hw-mul\libstdc++.a
LOAD c:/intelfpga/18.0/nios2eds/bin/gnu/h-x86_64-mingw32/bin/../lib/gcc/nios2-elf/5.3.0/../../../../../H-x86_64-mingw32/nios2-elf/lib/mno-hw-mul\libm.a
LOAD c:/intelfpga/18.0/nios2eds/bin/gnu/h-x86_64-mingw32/bin/../lib/gcc/nios2-elf/5.3.0/mno-hw-mul\libgcc.a
START GROUP
LOAD c:/intelfpga/18.0/nios2eds/bin/gnu/h-x86_64-mingw32/bin/../lib/gcc/nios2-elf/5.3.0/../../../../../H-x86_64-mingw32/nios2-elf/lib/mno-hw-mul\libc.a
LOAD c:/intelfpga/18.0/nios2eds/bin/gnu/h-x86_64-mingw32/bin/../lib/gcc/nios2-elf/5.3.0/mno-hw-mul\libgcc.a
LOAD ../button_test_bsp/\libhal_bsp.a
LOAD c:/intelfpga/18.0/nios2eds/bin/gnu/h-x86_64-mingw32/bin/../lib/gcc/nios2-elf/5.3.0/../../../../../H-x86_64-mingw32/nios2-elf/lib/mno-hw-mul\libm.a
END GROUP
LOAD c:/intelfpga/18.0/nios2eds/bin/gnu/h-x86_64-mingw32/bin/../lib/gcc/nios2-elf/5.3.0/mno-hw-mul\libgcc.a
                0x0000000000010000                __alt_mem_onchip_ram = 0x10000

.entry          0x0000000000010000       0x20
 *(.entry)
 .entry         0x0000000000010000       0x20 ../button_test_bsp//obj/HAL/src/crt0.o
                0x0000000000010000                __reset

.exceptions     0x0000000000010020      0x210
                0x0000000000010020                PROVIDE (__ram_exceptions_start, ABSOLUTE (.))
                0x0000000000010020                . = ALIGN (0x20)
 *(.irq)
 *(.exceptions.entry.label)
 .exceptions.entry.label
                0x0000000000010020        0x0 ../button_test_bsp/\libhal_bsp.a(alt_irq_entry.o)
                0x0000000000010020                alt_irq_entry
 .exceptions.entry.label
                0x0000000000010020        0x0 ../button_test_bsp/\libhal_bsp.a(alt_exception_entry.o)
                0x0000000000010020                alt_exception
 *(.exceptions.entry.user)
 *(.exceptions.entry.ecc_fatal)
 *(.exceptions.entry)
 .exceptions.entry
                0x0000000000010020       0x54 ../button_test_bsp/\libhal_bsp.a(alt_exception_entry.o)
 *(.exceptions.irqtest.user)
 *(.exceptions.irqtest)
 .exceptions.irqtest
                0x0000000000010074       0x10 ../button_test_bsp/\libhal_bsp.a(alt_irq_entry.o)
 *(.exceptions.irqhandler.user)
 *(.exceptions.irqhandler)
 .exceptions.irqhandler
                0x0000000000010084        0x4 ../button_test_bsp/\libhal_bsp.a(alt_irq_entry.o)
 *(.exceptions.irqreturn.user)
 *(.exceptions.irqreturn)
 .exceptions.irqreturn
                0x0000000000010088        0x4 ../button_test_bsp/\libhal_bsp.a(alt_irq_entry.o)
 *(.exceptions.notirq.label)
 .exceptions.notirq.label
                0x000000000001008c        0x0 ../button_test_bsp/\libhal_bsp.a(alt_irq_entry.o)
 *(.exceptions.notirq.user)
 *(.exceptions.notirq)
 .exceptions.notirq
                0x000000000001008c        0x8 ../button_test_bsp/\libhal_bsp.a(alt_exception_entry.o)
 *(.exceptions.soft.user)
 *(.exceptions.soft)
 *(.exceptions.unknown.user)
 *(.exceptions.unknown)
 .exceptions.unknown
                0x0000000000010094       0x14 ../button_test_bsp/\libhal_bsp.a(alt_exception_entry.o)
 *(.exceptions.exit.label)
 .exceptions.exit.label
                0x00000000000100a8        0x0 ../button_test_bsp/\libhal_bsp.a(alt_irq_entry.o)
 .exceptions.exit.label
                0x00000000000100a8        0x0 ../button_test_bsp/\libhal_bsp.a(alt_exception_entry.o)
 *(.exceptions.exit.user)
 *(.exceptions.exit)
 .exceptions.exit
                0x00000000000100a8       0x54 ../button_test_bsp/\libhal_bsp.a(alt_exception_entry.o)
 *(.exceptions)
 .exceptions    0x00000000000100fc       0xd4 ../button_test_bsp/\libhal_bsp.a(alt_irq_handler.o)
                0x00000000000100fc                alt_irq_handler
 .exceptions    0x00000000000101d0       0x60 ../button_test_bsp/\libhal_bsp.a(alt_instruction_exception_entry.o)
                0x00000000000101d0                alt_instruction_exception_entry
                0x0000000000010230                PROVIDE (__ram_exceptions_end, ABSOLUTE (.))
                0x0000000000010020                PROVIDE (__flash_exceptions_start, LOADADDR (.exceptions))

.text           0x0000000000010230     0x5574
                [!provide]                        PROVIDE (stext, ABSOLUTE (.))
 *(.interp)
 *(.hash)
 *(.dynsym)
 *(.dynstr)
 *(.gnu.version)
 *(.gnu.version_d)
 *(.gnu.version_r)
 *(.rel.init)
 *(.rela.init)
 *(.rel.text .rel.text.* .rel.gnu.linkonce.t.*)
 *(.rela.text .rela.text.* .rela.gnu.linkonce.t.*)
 *(.rel.fini)
 *(.rela.fini)
 *(.rel.rodata .rel.rodata.* .rel.gnu.linkonce.r.*)
 *(.rela.rodata .rela.rodata.* .rela.gnu.linkonce.r.*)
 *(.rel.data .rel.data.* .rel.gnu.linkonce.d.*)
 *(.rela.data .rela.data.* .rela.gnu.linkonce.d.*)
 *(.rel.tdata .rel.tdata.* .rel.gnu.linkonce.td.*)
 *(.rela.tdata .rela.tdata.* .rela.gnu.linkonce.td.*)
 *(.rel.tbss .rel.tbss.* .rel.gnu.linkonce.tb.*)
 *(.rela.tbss .rela.tbss.* .rela.gnu.linkonce.tb.*)
 *(.rel.ctors)
 *(.rela.ctors)
 *(.rel.dtors)
 *(.rela.dtors)
 *(.rel.got)
 *(.rela.got)
 *(.rel.sdata .rel.sdata.* .rel.gnu.linkonce.s.*)
 *(.rela.sdata .rela.sdata.* .rela.gnu.linkonce.s.*)
 *(.rel.sbss .rel.sbss.* .rel.gnu.linkonce.sb.*)
 *(.rela.sbss .rela.sbss.* .rela.gnu.linkonce.sb.*)
 *(.rel.sdata2 .rel.sdata2.* .rel.gnu.linkonce.s2.*)
 *(.rela.sdata2 .rela.sdata2.* .rela.gnu.linkonce.s2.*)
 *(.rel.sbss2 .rel.sbss2.* .rel.gnu.linkonce.sb2.*)
 *(.rela.sbss2 .rela.sbss2.* .rela.gnu.linkonce.sb2.*)
 *(.rel.bss .rel.bss.* .rel.gnu.linkonce.b.*)
 *(.rela.bss .rela.bss.* .rela.gnu.linkonce.b.*)
 *(.rel.plt)
 *(.rela.plt)
 *(.rel.dyn)
 *(.init)
 *(.plt)
 *(.text .stub .text.* .gnu.linkonce.t.*)
 .text          0x0000000000010230       0x3c ../button_test_bsp//obj/HAL/src/crt0.o
                0x0000000000010230                _start
 .text          0x000000000001026c       0x7c obj/default/button_test.o
                0x000000000001026c                main
 .text          0x00000000000102e8       0xec ../button_test_bsp/\libhal_bsp.a(alt_load.o)
                0x0000000000010350                alt_load
 .text          0x00000000000103d4       0x7c ../button_test_bsp/\libhal_bsp.a(alt_main.o)
                0x00000000000103d4                alt_main
 .text          0x0000000000010450       0x3c ../button_test_bsp/\libhal_bsp.a(alt_putstr.o)
                0x0000000000010450                alt_putstr
 .text          0x000000000001048c       0xb4 ../button_test_bsp/\libhal_bsp.a(alt_sys_init.o)
                0x00000000000104c0                alt_irq_init
                0x00000000000104f8                alt_sys_init
 .text          0x0000000000010540      0x164 ../button_test_bsp/\libhal_bsp.a(altera_avalon_jtag_uart_fd.o)
                0x0000000000010540                altera_avalon_jtag_uart_read_fd
                0x00000000000105a0                altera_avalon_jtag_uart_write_fd
                0x0000000000010600                altera_avalon_jtag_uart_close_fd
                0x0000000000010650                altera_avalon_jtag_uart_ioctl_fd
 .text          0x00000000000106a4      0x3d4 ../button_test_bsp/\libhal_bsp.a(altera_avalon_jtag_uart_init.o)
                0x00000000000106a4                altera_avalon_jtag_uart_init
                0x0000000000010a10                altera_avalon_jtag_uart_close
 .text          0x0000000000010a78       0xf0 ../button_test_bsp/\libhal_bsp.a(altera_avalon_jtag_uart_ioctl.o)
                0x0000000000010a78                altera_avalon_jtag_uart_ioctl
 .text          0x0000000000010b68      0x21c ../button_test_bsp/\libhal_bsp.a(altera_avalon_jtag_uart_read.o)
                0x0000000000010b68                altera_avalon_jtag_uart_read
 .text          0x0000000000010d84      0x224 ../button_test_bsp/\libhal_bsp.a(altera_avalon_jtag_uart_write.o)
                0x0000000000010d84                altera_avalon_jtag_uart_write
 .text          0x0000000000010fa8      0x12c ../button_test_bsp/\libhal_bsp.a(alt_alarm_start.o)
                0x0000000000010fa8                alt_alarm_start
 .text          0x00000000000110d4      0x114 ../button_test_bsp/\libhal_bsp.a(alt_close.o)
                0x0000000000011110                close
 .text          0x00000000000111e8       0x20 ../button_test_bsp/\libhal_bsp.a(alt_dcache_flush_all.o)
                0x00000000000111e8                alt_dcache_flush_all
 .text          0x0000000000011208       0x2c ../button_test_bsp/\libhal_bsp.a(alt_dev.o)
 .text          0x0000000000011234       0xe0 ../button_test_bsp/\libhal_bsp.a(alt_dev_llist_insert.o)
                0x0000000000011270                alt_dev_llist_insert
 .text          0x0000000000011314       0x60 ../button_test_bsp/\libhal_bsp.a(alt_do_ctors.o)
                0x0000000000011314                _do_ctors
 .text          0x0000000000011374       0x60 ../button_test_bsp/\libhal_bsp.a(alt_do_dtors.o)
                0x0000000000011374                _do_dtors
 .text          0x00000000000113d4        0x0 ../button_test_bsp/\libhal_bsp.a(alt_errno.o)
 .text          0x00000000000113d4       0x20 ../button_test_bsp/\libhal_bsp.a(alt_icache_flush_all.o)
                0x00000000000113d4                alt_icache_flush_all
 .text          0x00000000000113f4      0x1b0 ../button_test_bsp/\libhal_bsp.a(alt_iic.o)
                0x00000000000113f4                alt_ic_isr_register
                0x0000000000011444                alt_ic_irq_enable
                0x00000000000114cc                alt_ic_irq_disable
                0x0000000000011558                alt_ic_irq_enabled
 .text          0x00000000000115a4       0xf0 ../button_test_bsp/\libhal_bsp.a(alt_iic_isr_register.o)
                0x00000000000115a4                alt_iic_isr_register
 .text          0x0000000000011694      0x160 ../button_test_bsp/\libhal_bsp.a(alt_io_redirect.o)
                0x0000000000011778                alt_io_redirect
 .text          0x00000000000117f4        0x0 ../button_test_bsp/\libhal_bsp.a(alt_irq_entry.o)
 .text          0x00000000000117f4        0x0 ../button_test_bsp/\libhal_bsp.a(alt_irq_handler.o)
 .text          0x00000000000117f4        0x0 ../button_test_bsp/\libhal_bsp.a(alt_irq_vars.o)
 .text          0x00000000000117f4      0x284 ../button_test_bsp/\libhal_bsp.a(alt_open.o)
                0x000000000001191c                open
 .text          0x0000000000011a78       0x84 ../button_test_bsp/\libhal_bsp.a(alt_release_fd.o)
                0x0000000000011a78                alt_release_fd
 .text          0x0000000000011afc      0x1a4 ../button_test_bsp/\libhal_bsp.a(alt_tick.o)
                0x0000000000011afc                alt_alarm_stop
                0x0000000000011b98                alt_tick
 .text          0x0000000000011ca0       0x24 ../button_test_bsp/\libhal_bsp.a(altera_nios2_gen2_irq.o)
                0x0000000000011ca0                altera_nios2_gen2_irq_init
 .text          0x0000000000011cc4        0x0 ../button_test_bsp/\libhal_bsp.a(alt_exception_entry.o)
 .text          0x0000000000011cc4       0x90 ../button_test_bsp/\libhal_bsp.a(alt_find_dev.o)
                0x0000000000011cc4                alt_find_dev
 .text          0x0000000000011d54      0x108 ../button_test_bsp/\libhal_bsp.a(alt_find_file.o)
                0x0000000000011d54                alt_find_file
 .text          0x0000000000011e5c       0xc4 ../button_test_bsp/\libhal_bsp.a(alt_get_fd.o)
                0x0000000000011e5c                alt_get_fd
 .text          0x0000000000011f20       0x9c ../button_test_bsp/\libhal_bsp.a(alt_instruction_exception_entry.o)
                0x0000000000011f20                alt_exception_cause_generated_bad_addr
 .text          0x0000000000011fbc        0x0 c:/intelfpga/18.0/nios2eds/bin/gnu/h-x86_64-mingw32/bin/../lib/gcc/nios2-elf/5.3.0/../../../../../H-x86_64-mingw32/nios2-elf/lib/mno-hw-mul\libc.a(lib_a-atexit.o)
 .text.atexit   0x0000000000011fbc       0x14 c:/intelfpga/18.0/nios2eds/bin/gnu/h-x86_64-mingw32/bin/../lib/gcc/nios2-elf/5.3.0/../../../../../H-x86_64-mingw32/nios2-elf/lib/mno-hw-mul\libc.a(lib_a-atexit.o)
                0x0000000000011fbc                atexit
 .text          0x0000000000011fd0        0x0 c:/intelfpga/18.0/nios2eds/bin/gnu/h-x86_64-mingw32/bin/../lib/gcc/nios2-elf/5.3.0/../../../../../H-x86_64-mingw32/nios2-elf/lib/mno-hw-mul\libc.a(lib_a-exit.o)
 .text.exit     0x0000000000011fd0       0x38 c:/intelfpga/18.0/nios2eds/bin/gnu/h-x86_64-mingw32/bin/../lib/gcc/nios2-elf/5.3.0/../../../../../H-x86_64-mingw32/nios2-elf/lib/mno-hw-mul\libc.a(lib_a-exit.o)
                0x0000000000011fd0                exit
 .text          0x0000000000012008        0x0 c:/intelfpga/18.0/nios2eds/bin/gnu/h-x86_64-mingw32/bin/../lib/gcc/nios2-elf/5.3.0/../../../../../H-x86_64-mingw32/nios2-elf/lib/mno-hw-mul\libc.a(lib_a-fputs.o)
 .text._fputs_r
                0x0000000000012008       0x9c c:/intelfpga/18.0/nios2eds/bin/gnu/h-x86_64-mingw32/bin/../lib/gcc/nios2-elf/5.3.0/../../../../../H-x86_64-mingw32/nios2-elf/lib/mno-hw-mul\libc.a(lib_a-fputs.o)
                0x0000000000012008                _fputs_r
 .text.fputs    0x00000000000120a4       0x18 c:/intelfpga/18.0/nios2eds/bin/gnu/h-x86_64-mingw32/bin/../lib/gcc/nios2-elf/5.3.0/../../../../../H-x86_64-mingw32/nios2-elf/lib/mno-hw-mul\libc.a(lib_a-fputs.o)
                0x00000000000120a4                fputs
 .text          0x00000000000120bc        0x0 c:/intelfpga/18.0/nios2eds/bin/gnu/h-x86_64-mingw32/bin/../lib/gcc/nios2-elf/5.3.0/../../../../../H-x86_64-mingw32/nios2-elf/lib/mno-hw-mul\libc.a(lib_a-fvwrite.o)
 .text.__sfvwrite_r
                0x00000000000120bc      0x4c8 c:/intelfpga/18.0/nios2eds/bin/gnu/h-x86_64-mingw32/bin/../lib/gcc/nios2-elf/5.3.0/../../../../../H-x86_64-mingw32/nios2-elf/lib/mno-hw-mul\libc.a(lib_a-fvwrite.o)
                0x00000000000120bc                __sfvwrite_r
 .text          0x0000000000012584        0x0 c:/intelfpga/18.0/nios2eds/bin/gnu/h-x86_64-mingw32/bin/../lib/gcc/nios2-elf/5.3.0/../../../../../H-x86_64-mingw32/nios2-elf/lib/mno-hw-mul\libc.a(lib_a-impure.o)
 .text          0x0000000000012584        0x0 c:/intelfpga/18.0/nios2eds/bin/gnu/h-x86_64-mingw32/bin/../lib/gcc/nios2-elf/5.3.0/../../../../../H-x86_64-mingw32/nios2-elf/lib/mno-hw-mul\libc.a(lib_a-int_errno.o)
 .text          0x0000000000012584        0x0 c:/intelfpga/18.0/nios2eds/bin/gnu/h-x86_64-mingw32/bin/../lib/gcc/nios2-elf/5.3.0/../../../../../H-x86_64-mingw32/nios2-elf/lib/mno-hw-mul\libc.a(lib_a-mallocr.o)
 .text._malloc_r
                0x0000000000012584      0x80c c:/intelfpga/18.0/nios2eds/bin/gnu/h-x86_64-mingw32/bin/../lib/gcc/nios2-elf/5.3.0/../../../../../H-x86_64-mingw32/nios2-elf/lib/mno-hw-mul\libc.a(lib_a-mallocr.o)
                0x0000000000012584                _malloc_r
 .text          0x0000000000012d90        0x0 c:/intelfpga/18.0/nios2eds/bin/gnu/h-x86_64-mingw32/bin/../lib/gcc/nios2-elf/5.3.0/../../../../../H-x86_64-mingw32/nios2-elf/lib/mno-hw-mul\libc.a(lib_a-memchr.o)
 .text.memchr   0x0000000000012d90       0xe4 c:/intelfpga/18.0/nios2eds/bin/gnu/h-x86_64-mingw32/bin/../lib/gcc/nios2-elf/5.3.0/../../../../../H-x86_64-mingw32/nios2-elf/lib/mno-hw-mul\libc.a(lib_a-memchr.o)
                0x0000000000012d90                memchr
 .text          0x0000000000012e74        0x0 c:/intelfpga/18.0/nios2eds/bin/gnu/h-x86_64-mingw32/bin/../lib/gcc/nios2-elf/5.3.0/../../../../../H-x86_64-mingw32/nios2-elf/lib/mno-hw-mul\libc.a(lib_a-memcmp.o)
 .text.memcmp   0x0000000000012e74       0x7c c:/intelfpga/18.0/nios2eds/bin/gnu/h-x86_64-mingw32/bin/../lib/gcc/nios2-elf/5.3.0/../../../../../H-x86_64-mingw32/nios2-elf/lib/mno-hw-mul\libc.a(lib_a-memcmp.o)
                0x0000000000012e74                memcmp
 .text          0x0000000000012ef0        0x0 c:/intelfpga/18.0/nios2eds/bin/gnu/h-x86_64-mingw32/bin/../lib/gcc/nios2-elf/5.3.0/../../../../../H-x86_64-mingw32/nios2-elf/lib/mno-hw-mul\libc.a(lib_a-memcpy.o)
 .text.memcpy   0x0000000000012ef0      0x148 c:/intelfpga/18.0/nios2eds/bin/gnu/h-x86_64-mingw32/bin/../lib/gcc/nios2-elf/5.3.0/../../../../../H-x86_64-mingw32/nios2-elf/lib/mno-hw-mul\libc.a(lib_a-memcpy.o)
                0x0000000000012ef0                memcpy
 .text          0x0000000000013038        0x0 c:/intelfpga/18.0/nios2eds/bin/gnu/h-x86_64-mingw32/bin/../lib/gcc/nios2-elf/5.3.0/../../../../../H-x86_64-mingw32/nios2-elf/lib/mno-hw-mul\libc.a(lib_a-memmove.o)
 .text.memmove  0x0000000000013038      0x15c c:/intelfpga/18.0/nios2eds/bin/gnu/h-x86_64-mingw32/bin/../lib/gcc/nios2-elf/5.3.0/../../../../../H-x86_64-mingw32/nios2-elf/lib/mno-hw-mul\libc.a(lib_a-memmove.o)
                0x0000000000013038                memmove
 .text          0x0000000000013194        0x0 c:/intelfpga/18.0/nios2eds/bin/gnu/h-x86_64-mingw32/bin/../lib/gcc/nios2-elf/5.3.0/../../../../../H-x86_64-mingw32/nios2-elf/lib/mno-hw-mul\libc.a(lib_a-reallocr.o)
 .text._realloc_r
                0x0000000000013194      0x564 c:/intelfpga/18.0/nios2eds/bin/gnu/h-x86_64-mingw32/bin/../lib/gcc/nios2-elf/5.3.0/../../../../../H-x86_64-mingw32/nios2-elf/lib/mno-hw-mul\libc.a(lib_a-reallocr.o)
                0x0000000000013194                _realloc_r
 .text          0x00000000000136f8        0x0 c:/intelfpga/18.0/nios2eds/bin/gnu/h-x86_64-mingw32/bin/../lib/gcc/nios2-elf/5.3.0/../../../../../H-x86_64-mingw32/nios2-elf/lib/mno-hw-mul\libc.a(lib_a-sbrkr.o)
 .text._sbrk_r  0x00000000000136f8       0x54 c:/intelfpga/18.0/nios2eds/bin/gnu/h-x86_64-mingw32/bin/../lib/gcc/nios2-elf/5.3.0/../../../../../H-x86_64-mingw32/nios2-elf/lib/mno-hw-mul\libc.a(lib_a-sbrkr.o)
                0x00000000000136f8                _sbrk_r
 .text          0x000000000001374c        0x0 c:/intelfpga/18.0/nios2eds/bin/gnu/h-x86_64-mingw32/bin/../lib/gcc/nios2-elf/5.3.0/../../../../../H-x86_64-mingw32/nios2-elf/lib/mno-hw-mul\libc.a(lib_a-strlen.o)
 .text.strlen   0x000000000001374c       0x98 c:/intelfpga/18.0/nios2eds/bin/gnu/h-x86_64-mingw32/bin/../lib/gcc/nios2-elf/5.3.0/../../../../../H-x86_64-mingw32/nios2-elf/lib/mno-hw-mul\libc.a(lib_a-strlen.o)
                0x000000000001374c                strlen
 .text          0x00000000000137e4        0x0 c:/intelfpga/18.0/nios2eds/bin/gnu/h-x86_64-mingw32/bin/../lib/gcc/nios2-elf/5.3.0/../../../../../H-x86_64-mingw32/nios2-elf/lib/mno-hw-mul\libc.a(lib_a-wsetup.o)
 .text.__swsetup_r
                0x00000000000137e4      0x154 c:/intelfpga/18.0/nios2eds/bin/gnu/h-x86_64-mingw32/bin/../lib/gcc/nios2-elf/5.3.0/../../../../../H-x86_64-mingw32/nios2-elf/lib/mno-hw-mul\libc.a(lib_a-wsetup.o)
                0x00000000000137e4                __swsetup_r
 .text          0x0000000000013938        0x0 c:/intelfpga/18.0/nios2eds/bin/gnu/h-x86_64-mingw32/bin/../lib/gcc/nios2-elf/5.3.0/../../../../../H-x86_64-mingw32/nios2-elf/lib/mno-hw-mul\libc.a(lib_a-__atexit.o)
 .text.__register_exitproc
                0x0000000000013938      0x118 c:/intelfpga/18.0/nios2eds/bin/gnu/h-x86_64-mingw32/bin/../lib/gcc/nios2-elf/5.3.0/../../../../../H-x86_64-mingw32/nios2-elf/lib/mno-hw-mul\libc.a(lib_a-__atexit.o)
                0x0000000000013938                __register_exitproc
 .text          0x0000000000013a50        0x0 c:/intelfpga/18.0/nios2eds/bin/gnu/h-x86_64-mingw32/bin/../lib/gcc/nios2-elf/5.3.0/../../../../../H-x86_64-mingw32/nios2-elf/lib/mno-hw-mul\libc.a(lib_a-__call_atexit.o)
 .text.__call_exitprocs
                0x0000000000013a50      0x180 c:/intelfpga/18.0/nios2eds/bin/gnu/h-x86_64-mingw32/bin/../lib/gcc/nios2-elf/5.3.0/../../../../../H-x86_64-mingw32/nios2-elf/lib/mno-hw-mul\libc.a(lib_a-__call_atexit.o)
                0x0000000000013a50                __call_exitprocs
 .text          0x0000000000013bd0        0x0 c:/intelfpga/18.0/nios2eds/bin/gnu/h-x86_64-mingw32/bin/../lib/gcc/nios2-elf/5.3.0/../../../../../H-x86_64-mingw32/nios2-elf/lib/mno-hw-mul\libc.a(lib_a-fflush.o)
 .text.__sflush_r
                0x0000000000013bd0      0x21c c:/intelfpga/18.0/nios2eds/bin/gnu/h-x86_64-mingw32/bin/../lib/gcc/nios2-elf/5.3.0/../../../../../H-x86_64-mingw32/nios2-elf/lib/mno-hw-mul\libc.a(lib_a-fflush.o)
                0x0000000000013bd0                __sflush_r
 .text._fflush_r
                0x0000000000013dec       0x5c c:/intelfpga/18.0/nios2eds/bin/gnu/h-x86_64-mingw32/bin/../lib/gcc/nios2-elf/5.3.0/../../../../../H-x86_64-mingw32/nios2-elf/lib/mno-hw-mul\libc.a(lib_a-fflush.o)
                0x0000000000013dec                _fflush_r
 .text.fflush   0x0000000000013e48       0x30 c:/intelfpga/18.0/nios2eds/bin/gnu/h-x86_64-mingw32/bin/../lib/gcc/nios2-elf/5.3.0/../../../../../H-x86_64-mingw32/nios2-elf/lib/mno-hw-mul\libc.a(lib_a-fflush.o)
                0x0000000000013e48                fflush
 .text          0x0000000000013e78        0x0 c:/intelfpga/18.0/nios2eds/bin/gnu/h-x86_64-mingw32/bin/../lib/gcc/nios2-elf/5.3.0/../../../../../H-x86_64-mingw32/nios2-elf/lib/mno-hw-mul\libc.a(lib_a-findfp.o)
 .text.__fp_unlock
                0x0000000000013e78        0x8 c:/intelfpga/18.0/nios2eds/bin/gnu/h-x86_64-mingw32/bin/../lib/gcc/nios2-elf/5.3.0/../../../../../H-x86_64-mingw32/nios2-elf/lib/mno-hw-mul\libc.a(lib_a-findfp.o)
 .text._cleanup_r
                0x0000000000013e80        0xc c:/intelfpga/18.0/nios2eds/bin/gnu/h-x86_64-mingw32/bin/../lib/gcc/nios2-elf/5.3.0/../../../../../H-x86_64-mingw32/nios2-elf/lib/mno-hw-mul\libc.a(lib_a-findfp.o)
                0x0000000000013e80                _cleanup_r
 .text.__sinit.part.1
                0x0000000000013e8c      0x19c c:/intelfpga/18.0/nios2eds/bin/gnu/h-x86_64-mingw32/bin/../lib/gcc/nios2-elf/5.3.0/../../../../../H-x86_64-mingw32/nios2-elf/lib/mno-hw-mul\libc.a(lib_a-findfp.o)
 .text.__fp_lock
                0x0000000000014028        0x8 c:/intelfpga/18.0/nios2eds/bin/gnu/h-x86_64-mingw32/bin/../lib/gcc/nios2-elf/5.3.0/../../../../../H-x86_64-mingw32/nios2-elf/lib/mno-hw-mul\libc.a(lib_a-findfp.o)
 .text.__sfmoreglue
                0x0000000000014030       0x78 c:/intelfpga/18.0/nios2eds/bin/gnu/h-x86_64-mingw32/bin/../lib/gcc/nios2-elf/5.3.0/../../../../../H-x86_64-mingw32/nios2-elf/lib/mno-hw-mul\libc.a(lib_a-findfp.o)
                0x0000000000014030                __sfmoreglue
 .text.__sfp    0x00000000000140a8      0x118 c:/intelfpga/18.0/nios2eds/bin/gnu/h-x86_64-mingw32/bin/../lib/gcc/nios2-elf/5.3.0/../../../../../H-x86_64-mingw32/nios2-elf/lib/mno-hw-mul\libc.a(lib_a-findfp.o)
                0x00000000000140a8                __sfp
 .text._cleanup
                0x00000000000141c0       0x18 c:/intelfpga/18.0/nios2eds/bin/gnu/h-x86_64-mingw32/bin/../lib/gcc/nios2-elf/5.3.0/../../../../../H-x86_64-mingw32/nios2-elf/lib/mno-hw-mul\libc.a(lib_a-findfp.o)
                0x00000000000141c0                _cleanup
 .text.__sinit  0x00000000000141d8       0x10 c:/intelfpga/18.0/nios2eds/bin/gnu/h-x86_64-mingw32/bin/../lib/gcc/nios2-elf/5.3.0/../../../../../H-x86_64-mingw32/nios2-elf/lib/mno-hw-mul\libc.a(lib_a-findfp.o)
                0x00000000000141d8                __sinit
 .text.__sfp_lock_acquire
                0x00000000000141e8        0x4 c:/intelfpga/18.0/nios2eds/bin/gnu/h-x86_64-mingw32/bin/../lib/gcc/nios2-elf/5.3.0/../../../../../H-x86_64-mingw32/nios2-elf/lib/mno-hw-mul\libc.a(lib_a-findfp.o)
                0x00000000000141e8                __sfp_lock_acquire
 .text.__sfp_lock_release
                0x00000000000141ec        0x4 c:/intelfpga/18.0/nios2eds/bin/gnu/h-x86_64-mingw32/bin/../lib/gcc/nios2-elf/5.3.0/../../../../../H-x86_64-mingw32/nios2-elf/lib/mno-hw-mul\libc.a(lib_a-findfp.o)
                0x00000000000141ec                __sfp_lock_release
 .text.__sinit_lock_acquire
                0x00000000000141f0        0x4 c:/intelfpga/18.0/nios2eds/bin/gnu/h-x86_64-mingw32/bin/../lib/gcc/nios2-elf/5.3.0/../../../../../H-x86_64-mingw32/nios2-elf/lib/mno-hw-mul\libc.a(lib_a-findfp.o)
                0x00000000000141f0                __sinit_lock_acquire
 .text.__sinit_lock_release
                0x00000000000141f4        0x4 c:/intelfpga/18.0/nios2eds/bin/gnu/h-x86_64-mingw32/bin/../lib/gcc/nios2-elf/5.3.0/../../../../../H-x86_64-mingw32/nios2-elf/lib/mno-hw-mul\libc.a(lib_a-findfp.o)
                0x00000000000141f4                __sinit_lock_release
 .text.__fp_lock_all
                0x00000000000141f8       0x18 c:/intelfpga/18.0/nios2eds/bin/gnu/h-x86_64-mingw32/bin/../lib/gcc/nios2-elf/5.3.0/../../../../../H-x86_64-mingw32/nios2-elf/lib/mno-hw-mul\libc.a(lib_a-findfp.o)
                0x00000000000141f8                __fp_lock_all
 .text.__fp_unlock_all
                0x0000000000014210       0x18 c:/intelfpga/18.0/nios2eds/bin/gnu/h-x86_64-mingw32/bin/../lib/gcc/nios2-elf/5.3.0/../../../../../H-x86_64-mingw32/nios2-elf/lib/mno-hw-mul\libc.a(lib_a-findfp.o)
                0x0000000000014210                __fp_unlock_all
 .text          0x0000000000014228        0x0 c:/intelfpga/18.0/nios2eds/bin/gnu/h-x86_64-mingw32/bin/../lib/gcc/nios2-elf/5.3.0/../../../../../H-x86_64-mingw32/nios2-elf/lib/mno-hw-mul\libc.a(lib_a-freer.o)
 .text._malloc_trim_r
                0x0000000000014228      0x124 c:/intelfpga/18.0/nios2eds/bin/gnu/h-x86_64-mingw32/bin/../lib/gcc/nios2-elf/5.3.0/../../../../../H-x86_64-mingw32/nios2-elf/lib/mno-hw-mul\libc.a(lib_a-freer.o)
                0x0000000000014228                _malloc_trim_r
 .text._free_r  0x000000000001434c      0x310 c:/intelfpga/18.0/nios2eds/bin/gnu/h-x86_64-mingw32/bin/../lib/gcc/nios2-elf/5.3.0/../../../../../H-x86_64-mingw32/nios2-elf/lib/mno-hw-mul\libc.a(lib_a-freer.o)
                0x000000000001434c                _free_r
 .text          0x000000000001465c        0x0 c:/intelfpga/18.0/nios2eds/bin/gnu/h-x86_64-mingw32/bin/../lib/gcc/nios2-elf/5.3.0/../../../../../H-x86_64-mingw32/nios2-elf/lib/mno-hw-mul\libc.a(lib_a-fwalk.o)
 .text._fwalk   0x000000000001465c       0xc4 c:/intelfpga/18.0/nios2eds/bin/gnu/h-x86_64-mingw32/bin/../lib/gcc/nios2-elf/5.3.0/../../../../../H-x86_64-mingw32/nios2-elf/lib/mno-hw-mul\libc.a(lib_a-fwalk.o)
                0x000000000001465c                _fwalk
 .text._fwalk_reent
                0x0000000000014720       0xc4 c:/intelfpga/18.0/nios2eds/bin/gnu/h-x86_64-mingw32/bin/../lib/gcc/nios2-elf/5.3.0/../../../../../H-x86_64-mingw32/nios2-elf/lib/mno-hw-mul\libc.a(lib_a-fwalk.o)
                0x0000000000014720                _fwalk_reent
 .text          0x00000000000147e4        0x0 c:/intelfpga/18.0/nios2eds/bin/gnu/h-x86_64-mingw32/bin/../lib/gcc/nios2-elf/5.3.0/../../../../../H-x86_64-mingw32/nios2-elf/lib/mno-hw-mul\libc.a(lib_a-makebuf.o)
 .text.__smakebuf_r
                0x00000000000147e4      0x1bc c:/intelfpga/18.0/nios2eds/bin/gnu/h-x86_64-mingw32/bin/../lib/gcc/nios2-elf/5.3.0/../../../../../H-x86_64-mingw32/nios2-elf/lib/mno-hw-mul\libc.a(lib_a-makebuf.o)
                0x00000000000147e4                __smakebuf_r
 .text          0x00000000000149a0        0x0 c:/intelfpga/18.0/nios2eds/bin/gnu/h-x86_64-mingw32/bin/../lib/gcc/nios2-elf/5.3.0/../../../../../H-x86_64-mingw32/nios2-elf/lib/mno-hw-mul\libc.a(lib_a-memset.o)
 .text.memset   0x00000000000149a0      0x128 c:/intelfpga/18.0/nios2eds/bin/gnu/h-x86_64-mingw32/bin/../lib/gcc/nios2-elf/5.3.0/../../../../../H-x86_64-mingw32/nios2-elf/lib/mno-hw-mul\libc.a(lib_a-memset.o)
                0x00000000000149a0                memset
 .text          0x0000000000014ac8        0x0 c:/intelfpga/18.0/nios2eds/bin/gnu/h-x86_64-mingw32/bin/../lib/gcc/nios2-elf/5.3.0/../../../../../H-x86_64-mingw32/nios2-elf/lib/mno-hw-mul\libc.a(lib_a-stdio.o)
 .text.__sread  0x0000000000014ac8       0x54 c:/intelfpga/18.0/nios2eds/bin/gnu/h-x86_64-mingw32/bin/../lib/gcc/nios2-elf/5.3.0/../../../../../H-x86_64-mingw32/nios2-elf/lib/mno-hw-mul\libc.a(lib_a-stdio.o)
                0x0000000000014ac8                __sread
 .text.__seofread
                0x0000000000014b1c        0x8 c:/intelfpga/18.0/nios2eds/bin/gnu/h-x86_64-mingw32/bin/../lib/gcc/nios2-elf/5.3.0/../../../../../H-x86_64-mingw32/nios2-elf/lib/mno-hw-mul\libc.a(lib_a-stdio.o)
                0x0000000000014b1c                __seofread
 .text.__swrite
                0x0000000000014b24       0x7c c:/intelfpga/18.0/nios2eds/bin/gnu/h-x86_64-mingw32/bin/../lib/gcc/nios2-elf/5.3.0/../../../../../H-x86_64-mingw32/nios2-elf/lib/mno-hw-mul\libc.a(lib_a-stdio.o)
                0x0000000000014b24                __swrite
 .text.__sseek  0x0000000000014ba0       0x5c c:/intelfpga/18.0/nios2eds/bin/gnu/h-x86_64-mingw32/bin/../lib/gcc/nios2-elf/5.3.0/../../../../../H-x86_64-mingw32/nios2-elf/lib/mno-hw-mul\libc.a(lib_a-stdio.o)
                0x0000000000014ba0                __sseek
 .text.__sclose
                0x0000000000014bfc        0x8 c:/intelfpga/18.0/nios2eds/bin/gnu/h-x86_64-mingw32/bin/../lib/gcc/nios2-elf/5.3.0/../../../../../H-x86_64-mingw32/nios2-elf/lib/mno-hw-mul\libc.a(lib_a-stdio.o)
                0x0000000000014bfc                __sclose
 .text          0x0000000000014c04        0x0 c:/intelfpga/18.0/nios2eds/bin/gnu/h-x86_64-mingw32/bin/../lib/gcc/nios2-elf/5.3.0/../../../../../H-x86_64-mingw32/nios2-elf/lib/mno-hw-mul\libc.a(lib_a-writer.o)
 .text._write_r
                0x0000000000014c04       0x60 c:/intelfpga/18.0/nios2eds/bin/gnu/h-x86_64-mingw32/bin/../lib/gcc/nios2-elf/5.3.0/../../../../../H-x86_64-mingw32/nios2-elf/lib/mno-hw-mul\libc.a(lib_a-writer.o)
                0x0000000000014c04                _write_r
 .text          0x0000000000014c64        0x0 c:/intelfpga/18.0/nios2eds/bin/gnu/h-x86_64-mingw32/bin/../lib/gcc/nios2-elf/5.3.0/../../../../../H-x86_64-mingw32/nios2-elf/lib/mno-hw-mul\libc.a(closer.o)
 .text._close_r
                0x0000000000014c64       0x54 c:/intelfpga/18.0/nios2eds/bin/gnu/h-x86_64-mingw32/bin/../lib/gcc/nios2-elf/5.3.0/../../../../../H-x86_64-mingw32/nios2-elf/lib/mno-hw-mul\libc.a(closer.o)
                0x0000000000014c64                _close_r
 .text          0x0000000000014cb8        0x0 c:/intelfpga/18.0/nios2eds/bin/gnu/h-x86_64-mingw32/bin/../lib/gcc/nios2-elf/5.3.0/../../../../../H-x86_64-mingw32/nios2-elf/lib/mno-hw-mul\libc.a(lib_a-fclose.o)
 .text._fclose_r
                0x0000000000014cb8       0xf0 c:/intelfpga/18.0/nios2eds/bin/gnu/h-x86_64-mingw32/bin/../lib/gcc/nios2-elf/5.3.0/../../../../../H-x86_64-mingw32/nios2-elf/lib/mno-hw-mul\libc.a(lib_a-fclose.o)
                0x0000000000014cb8                _fclose_r
 .text.fclose   0x0000000000014da8       0x14 c:/intelfpga/18.0/nios2eds/bin/gnu/h-x86_64-mingw32/bin/../lib/gcc/nios2-elf/5.3.0/../../../../../H-x86_64-mingw32/nios2-elf/lib/mno-hw-mul\libc.a(lib_a-fclose.o)
                0x0000000000014da8                fclose
 .text          0x0000000000014dbc        0x0 c:/intelfpga/18.0/nios2eds/bin/gnu/h-x86_64-mingw32/bin/../lib/gcc/nios2-elf/5.3.0/../../../../../H-x86_64-mingw32/nios2-elf/lib/mno-hw-mul\libc.a(lib_a-fstatr.o)
 .text._fstat_r
                0x0000000000014dbc       0x5c c:/intelfpga/18.0/nios2eds/bin/gnu/h-x86_64-mingw32/bin/../lib/gcc/nios2-elf/5.3.0/../../../../../H-x86_64-mingw32/nios2-elf/lib/mno-hw-mul\libc.a(lib_a-fstatr.o)
                0x0000000000014dbc                _fstat_r
 .text          0x0000000000014e18        0x0 c:/intelfpga/18.0/nios2eds/bin/gnu/h-x86_64-mingw32/bin/../lib/gcc/nios2-elf/5.3.0/../../../../../H-x86_64-mingw32/nios2-elf/lib/mno-hw-mul\libc.a(lib_a-isattyr.o)
 .text._isatty_r
                0x0000000000014e18       0x54 c:/intelfpga/18.0/nios2eds/bin/gnu/h-x86_64-mingw32/bin/../lib/gcc/nios2-elf/5.3.0/../../../../../H-x86_64-mingw32/nios2-elf/lib/mno-hw-mul\libc.a(lib_a-isattyr.o)
                0x0000000000014e18                _isatty_r
 .text          0x0000000000014e6c        0x0 c:/intelfpga/18.0/nios2eds/bin/gnu/h-x86_64-mingw32/bin/../lib/gcc/nios2-elf/5.3.0/../../../../../H-x86_64-mingw32/nios2-elf/lib/mno-hw-mul\libc.a(lib_a-lseekr.o)
 .text._lseek_r
                0x0000000000014e6c       0x60 c:/intelfpga/18.0/nios2eds/bin/gnu/h-x86_64-mingw32/bin/../lib/gcc/nios2-elf/5.3.0/../../../../../H-x86_64-mingw32/nios2-elf/lib/mno-hw-mul\libc.a(lib_a-lseekr.o)
                0x0000000000014e6c                _lseek_r
 .text          0x0000000000014ecc        0x0 c:/intelfpga/18.0/nios2eds/bin/gnu/h-x86_64-mingw32/bin/../lib/gcc/nios2-elf/5.3.0/../../../../../H-x86_64-mingw32/nios2-elf/lib/mno-hw-mul\libc.a(lib_a-readr.o)
 .text._read_r  0x0000000000014ecc       0x60 c:/intelfpga/18.0/nios2eds/bin/gnu/h-x86_64-mingw32/bin/../lib/gcc/nios2-elf/5.3.0/../../../../../H-x86_64-mingw32/nios2-elf/lib/mno-hw-mul\libc.a(lib_a-readr.o)
                0x0000000000014ecc                _read_r
 .text          0x0000000000014f2c      0x1b4 c:/intelfpga/18.0/nios2eds/bin/gnu/h-x86_64-mingw32/bin/../lib/gcc/nios2-elf/5.3.0/mno-hw-mul\libgcc.a(lib2-divmod.o)
                0x0000000000014f2c                __divsi3
                0x0000000000014fb0                __modsi3
                0x0000000000015024                __udivsi3
                0x0000000000015088                __umodsi3
 .text          0x00000000000150e0       0x28 c:/intelfpga/18.0/nios2eds/bin/gnu/h-x86_64-mingw32/bin/../lib/gcc/nios2-elf/5.3.0/mno-hw-mul\libgcc.a(lib2-mul.o)
                0x00000000000150e0                __mulsi3
 .text          0x0000000000015108       0x34 ../button_test_bsp/\libhal_bsp.a(alt_exit.o)
                0x0000000000015108                _exit
 .text          0x000000000001513c       0xf4 ../button_test_bsp/\libhal_bsp.a(alt_fstat.o)
                0x0000000000015178                fstat
 .text          0x0000000000015230       0xe8 ../button_test_bsp/\libhal_bsp.a(alt_isatty.o)
                0x000000000001526c                isatty
 .text          0x0000000000015318      0x118 ../button_test_bsp/\libhal_bsp.a(alt_lseek.o)
                0x0000000000015354                lseek
 .text          0x0000000000015430       0x48 ../button_test_bsp/\libhal_bsp.a(alt_malloc_lock.o)
                0x0000000000015430                __malloc_lock
                0x0000000000015454                __malloc_unlock
 .text          0x0000000000015478      0x140 ../button_test_bsp/\libhal_bsp.a(alt_read.o)
                0x00000000000154b4                read
 .text          0x00000000000155b8       0xb0 ../button_test_bsp/\libhal_bsp.a(alt_sbrk.o)
                0x00000000000155b8                sbrk
 .text          0x0000000000015668      0x13c ../button_test_bsp/\libhal_bsp.a(alt_write.o)
                0x00000000000156a4                write
 *(.gnu.warning.*)
 *(.fini)
                [!provide]                        PROVIDE (__etext, ABSOLUTE (.))
                [!provide]                        PROVIDE (_etext, ABSOLUTE (.))
                [!provide]                        PROVIDE (etext, ABSOLUTE (.))
 *(.eh_frame_hdr)
                0x00000000000157a4                . = ALIGN (0x4)
                [!provide]                        PROVIDE (__preinit_array_start, ABSOLUTE (.))
 *(.preinit_array)
                [!provide]                        PROVIDE (__preinit_array_end, ABSOLUTE (.))
                [!provide]                        PROVIDE (__init_array_start, ABSOLUTE (.))
 *(.init_array)
                [!provide]                        PROVIDE (__init_array_end, ABSOLUTE (.))
                [!provide]                        PROVIDE (__fini_array_start, ABSOLUTE (.))
 *(.fini_array)
                [!provide]                        PROVIDE (__fini_array_end, ABSOLUTE (.))
 *(.eh_frame)
 *(.gcc_except_table .gcc_except_table.*)
 *(.dynamic)
                0x00000000000157a4                PROVIDE (__CTOR_LIST__, ABSOLUTE (.))
 *(.ctors)
 *(SORT(.ctors.*))
                0x00000000000157a4                PROVIDE (__CTOR_END__, ABSOLUTE (.))
                0x00000000000157a4                PROVIDE (__DTOR_LIST__, ABSOLUTE (.))
 *(.dtors)
 *(SORT(.dtors.*))
                0x00000000000157a4                PROVIDE (__DTOR_END__, ABSOLUTE (.))
 *(.jcr)
                0x00000000000157a4                . = ALIGN (0x4)

.rodata         0x00000000000157a4       0x44
                0x00000000000157a4                PROVIDE (__ram_rodata_start, ABSOLUTE (.))
                0x00000000000157a4                . = ALIGN (0x4)
 *(.rodata .rodata.* .gnu.linkonce.r.*)
 .rodata        0x00000000000157a4       0x14 obj/default/button_test.o
 .rodata        0x00000000000157b8        0xf ../button_test_bsp/\libhal_bsp.a(alt_main.o)
 *fill*         0x00000000000157c7        0x1 
 .rodata        0x00000000000157c8        0xf ../button_test_bsp/\libhal_bsp.a(alt_sys_init.o)
 *fill*         0x00000000000157d7        0x1 
 .rodata        0x00000000000157d8        0xa ../button_test_bsp/\libhal_bsp.a(alt_dev.o)
 *fill*         0x00000000000157e2        0x2 
 .rodata.str1.4
                0x00000000000157e4        0x4 c:/intelfpga/18.0/nios2eds/bin/gnu/h-x86_64-mingw32/bin/../lib/gcc/nios2-elf/5.3.0/../../../../../H-x86_64-mingw32/nios2-elf/lib/mno-hw-mul\libc.a(lib_a-impure.o)
                                          0x2 (size before relaxing)
 *(.rodata1)
                0x00000000000157e8                . = ALIGN (0x4)
                0x00000000000157e8                PROVIDE (__ram_rodata_end, ABSOLUTE (.))
                0x00000000000157a4                PROVIDE (__flash_rodata_start, LOADADDR (.rodata))

.rwdata         0x00000000000157e8     0x1a6c load address 0x0000000000017254
                0x00000000000157e8                PROVIDE (__ram_rwdata_start, ABSOLUTE (.))
                0x00000000000157e8                . = ALIGN (0x4)
 *(.got.plt)
 *(.got)
 *(.data1)
 *(.data .data.* .gnu.linkonce.d.*)
 .data          0x00000000000157e8        0x0 ../button_test_bsp//obj/HAL/src/crt0.o
 .data          0x00000000000157e8        0x0 obj/default/button_test.o
 .data          0x00000000000157e8        0x0 ../button_test_bsp/\libhal_bsp.a(alt_load.o)
 .data          0x00000000000157e8        0x0 ../button_test_bsp/\libhal_bsp.a(alt_main.o)
 .data          0x00000000000157e8        0x0 ../button_test_bsp/\libhal_bsp.a(alt_putstr.o)
 .data          0x00000000000157e8     0x1060 ../button_test_bsp/\libhal_bsp.a(alt_sys_init.o)
 .data          0x0000000000016848        0x0 ../button_test_bsp/\libhal_bsp.a(altera_avalon_jtag_uart_fd.o)
 .data          0x0000000000016848        0x0 ../button_test_bsp/\libhal_bsp.a(altera_avalon_jtag_uart_init.o)
 .data          0x0000000000016848        0x0 ../button_test_bsp/\libhal_bsp.a(altera_avalon_jtag_uart_ioctl.o)
 .data          0x0000000000016848        0x0 ../button_test_bsp/\libhal_bsp.a(altera_avalon_jtag_uart_read.o)
 .data          0x0000000000016848        0x0 ../button_test_bsp/\libhal_bsp.a(altera_avalon_jtag_uart_write.o)
 .data          0x0000000000016848        0x0 ../button_test_bsp/\libhal_bsp.a(alt_alarm_start.o)
 .data          0x0000000000016848        0x0 ../button_test_bsp/\libhal_bsp.a(alt_close.o)
 .data          0x0000000000016848        0x0 ../button_test_bsp/\libhal_bsp.a(alt_dcache_flush_all.o)
 .data          0x0000000000016848      0x1a8 ../button_test_bsp/\libhal_bsp.a(alt_dev.o)
                0x0000000000016848                alt_dev_null
                0x0000000000016870                alt_fd_list
 .data          0x00000000000169f0        0x0 ../button_test_bsp/\libhal_bsp.a(alt_dev_llist_insert.o)
 .data          0x00000000000169f0        0x0 ../button_test_bsp/\libhal_bsp.a(alt_do_ctors.o)
 .data          0x00000000000169f0        0x0 ../button_test_bsp/\libhal_bsp.a(alt_do_dtors.o)
 .data          0x00000000000169f0        0x0 ../button_test_bsp/\libhal_bsp.a(alt_errno.o)
 .data          0x00000000000169f0        0x0 ../button_test_bsp/\libhal_bsp.a(alt_icache_flush_all.o)
 .data          0x00000000000169f0        0x0 ../button_test_bsp/\libhal_bsp.a(alt_iic.o)
 .data          0x00000000000169f0        0x0 ../button_test_bsp/\libhal_bsp.a(alt_iic_isr_register.o)
 .data          0x00000000000169f0        0x0 ../button_test_bsp/\libhal_bsp.a(alt_io_redirect.o)
 .data          0x00000000000169f0        0x0 ../button_test_bsp/\libhal_bsp.a(alt_irq_entry.o)
 .data          0x00000000000169f0        0x0 ../button_test_bsp/\libhal_bsp.a(alt_irq_handler.o)
 .data          0x00000000000169f0        0x0 ../button_test_bsp/\libhal_bsp.a(alt_irq_vars.o)
 .data          0x00000000000169f0        0x0 ../button_test_bsp/\libhal_bsp.a(alt_open.o)
 .data          0x00000000000169f0        0x0 ../button_test_bsp/\libhal_bsp.a(alt_release_fd.o)
 .data          0x00000000000169f0        0x0 ../button_test_bsp/\libhal_bsp.a(alt_tick.o)
 .data          0x00000000000169f0        0x0 ../button_test_bsp/\libhal_bsp.a(altera_nios2_gen2_irq.o)
 .data          0x00000000000169f0        0x0 ../button_test_bsp/\libhal_bsp.a(alt_exception_entry.o)
 .data          0x00000000000169f0        0x0 ../button_test_bsp/\libhal_bsp.a(alt_find_dev.o)
 .data          0x00000000000169f0        0x0 ../button_test_bsp/\libhal_bsp.a(alt_find_file.o)
 .data          0x00000000000169f0        0x0 ../button_test_bsp/\libhal_bsp.a(alt_get_fd.o)
 .data          0x00000000000169f0        0x0 ../button_test_bsp/\libhal_bsp.a(alt_instruction_exception_entry.o)
 .data          0x00000000000169f0        0x0 c:/intelfpga/18.0/nios2eds/bin/gnu/h-x86_64-mingw32/bin/../lib/gcc/nios2-elf/5.3.0/../../../../../H-x86_64-mingw32/nios2-elf/lib/mno-hw-mul\libc.a(lib_a-atexit.o)
 .data          0x00000000000169f0        0x0 c:/intelfpga/18.0/nios2eds/bin/gnu/h-x86_64-mingw32/bin/../lib/gcc/nios2-elf/5.3.0/../../../../../H-x86_64-mingw32/nios2-elf/lib/mno-hw-mul\libc.a(lib_a-exit.o)
 .data          0x00000000000169f0        0x0 c:/intelfpga/18.0/nios2eds/bin/gnu/h-x86_64-mingw32/bin/../lib/gcc/nios2-elf/5.3.0/../../../../../H-x86_64-mingw32/nios2-elf/lib/mno-hw-mul\libc.a(lib_a-fputs.o)
 .data          0x00000000000169f0        0x0 c:/intelfpga/18.0/nios2eds/bin/gnu/h-x86_64-mingw32/bin/../lib/gcc/nios2-elf/5.3.0/../../../../../H-x86_64-mingw32/nios2-elf/lib/mno-hw-mul\libc.a(lib_a-fvwrite.o)
 .data          0x00000000000169f0        0x0 c:/intelfpga/18.0/nios2eds/bin/gnu/h-x86_64-mingw32/bin/../lib/gcc/nios2-elf/5.3.0/../../../../../H-x86_64-mingw32/nios2-elf/lib/mno-hw-mul\libc.a(lib_a-impure.o)
 .data.impure_data
                0x00000000000169f0      0x424 c:/intelfpga/18.0/nios2eds/bin/gnu/h-x86_64-mingw32/bin/../lib/gcc/nios2-elf/5.3.0/../../../../../H-x86_64-mingw32/nios2-elf/lib/mno-hw-mul\libc.a(lib_a-impure.o)
 .data          0x0000000000016e14        0x0 c:/intelfpga/18.0/nios2eds/bin/gnu/h-x86_64-mingw32/bin/../lib/gcc/nios2-elf/5.3.0/../../../../../H-x86_64-mingw32/nios2-elf/lib/mno-hw-mul\libc.a(lib_a-int_errno.o)
 .data          0x0000000000016e14        0x0 c:/intelfpga/18.0/nios2eds/bin/gnu/h-x86_64-mingw32/bin/../lib/gcc/nios2-elf/5.3.0/../../../../../H-x86_64-mingw32/nios2-elf/lib/mno-hw-mul\libc.a(lib_a-mallocr.o)
 .data.__malloc_av_
                0x0000000000016e14      0x408 c:/intelfpga/18.0/nios2eds/bin/gnu/h-x86_64-mingw32/bin/../lib/gcc/nios2-elf/5.3.0/../../../../../H-x86_64-mingw32/nios2-elf/lib/mno-hw-mul\libc.a(lib_a-mallocr.o)
                0x0000000000016e14                __malloc_av_
 .data          0x000000000001721c        0x0 c:/intelfpga/18.0/nios2eds/bin/gnu/h-x86_64-mingw32/bin/../lib/gcc/nios2-elf/5.3.0/../../../../../H-x86_64-mingw32/nios2-elf/lib/mno-hw-mul\libc.a(lib_a-memchr.o)
 .data          0x000000000001721c        0x0 c:/intelfpga/18.0/nios2eds/bin/gnu/h-x86_64-mingw32/bin/../lib/gcc/nios2-elf/5.3.0/../../../../../H-x86_64-mingw32/nios2-elf/lib/mno-hw-mul\libc.a(lib_a-memcmp.o)
 .data          0x000000000001721c        0x0 c:/intelfpga/18.0/nios2eds/bin/gnu/h-x86_64-mingw32/bin/../lib/gcc/nios2-elf/5.3.0/../../../../../H-x86_64-mingw32/nios2-elf/lib/mno-hw-mul\libc.a(lib_a-memcpy.o)
 .data          0x000000000001721c        0x0 c:/intelfpga/18.0/nios2eds/bin/gnu/h-x86_64-mingw32/bin/../lib/gcc/nios2-elf/5.3.0/../../../../../H-x86_64-mingw32/nios2-elf/lib/mno-hw-mul\libc.a(lib_a-memmove.o)
 .data          0x000000000001721c        0x0 c:/intelfpga/18.0/nios2eds/bin/gnu/h-x86_64-mingw32/bin/../lib/gcc/nios2-elf/5.3.0/../../../../../H-x86_64-mingw32/nios2-elf/lib/mno-hw-mul\libc.a(lib_a-reallocr.o)
 .data          0x000000000001721c        0x0 c:/intelfpga/18.0/nios2eds/bin/gnu/h-x86_64-mingw32/bin/../lib/gcc/nios2-elf/5.3.0/../../../../../H-x86_64-mingw32/nios2-elf/lib/mno-hw-mul\libc.a(lib_a-sbrkr.o)
 .data          0x000000000001721c        0x0 c:/intelfpga/18.0/nios2eds/bin/gnu/h-x86_64-mingw32/bin/../lib/gcc/nios2-elf/5.3.0/../../../../../H-x86_64-mingw32/nios2-elf/lib/mno-hw-mul\libc.a(lib_a-strlen.o)
 .data          0x000000000001721c        0x0 c:/intelfpga/18.0/nios2eds/bin/gnu/h-x86_64-mingw32/bin/../lib/gcc/nios2-elf/5.3.0/../../../../../H-x86_64-mingw32/nios2-elf/lib/mno-hw-mul\libc.a(lib_a-wsetup.o)
 .data          0x000000000001721c        0x0 c:/intelfpga/18.0/nios2eds/bin/gnu/h-x86_64-mingw32/bin/../lib/gcc/nios2-elf/5.3.0/../../../../../H-x86_64-mingw32/nios2-elf/lib/mno-hw-mul\libc.a(lib_a-__atexit.o)
 .data          0x000000000001721c        0x0 c:/intelfpga/18.0/nios2eds/bin/gnu/h-x86_64-mingw32/bin/../lib/gcc/nios2-elf/5.3.0/../../../../../H-x86_64-mingw32/nios2-elf/lib/mno-hw-mul\libc.a(lib_a-__call_atexit.o)
 .data          0x000000000001721c        0x0 c:/intelfpga/18.0/nios2eds/bin/gnu/h-x86_64-mingw32/bin/../lib/gcc/nios2-elf/5.3.0/../../../../../H-x86_64-mingw32/nios2-elf/lib/mno-hw-mul\libc.a(lib_a-fflush.o)
 .data          0x000000000001721c        0x0 c:/intelfpga/18.0/nios2eds/bin/gnu/h-x86_64-mingw32/bin/../lib/gcc/nios2-elf/5.3.0/../../../../../H-x86_64-mingw32/nios2-elf/lib/mno-hw-mul\libc.a(lib_a-findfp.o)
 .data          0x000000000001721c        0x0 c:/intelfpga/18.0/nios2eds/bin/gnu/h-x86_64-mingw32/bin/../lib/gcc/nios2-elf/5.3.0/../../../../../H-x86_64-mingw32/nios2-elf/lib/mno-hw-mul\libc.a(lib_a-freer.o)
 .data          0x000000000001721c        0x0 c:/intelfpga/18.0/nios2eds/bin/gnu/h-x86_64-mingw32/bin/../lib/gcc/nios2-elf/5.3.0/../../../../../H-x86_64-mingw32/nios2-elf/lib/mno-hw-mul\libc.a(lib_a-fwalk.o)
 .data          0x000000000001721c        0x0 c:/intelfpga/18.0/nios2eds/bin/gnu/h-x86_64-mingw32/bin/../lib/gcc/nios2-elf/5.3.0/../../../../../H-x86_64-mingw32/nios2-elf/lib/mno-hw-mul\libc.a(lib_a-makebuf.o)
 .data          0x000000000001721c        0x0 c:/intelfpga/18.0/nios2eds/bin/gnu/h-x86_64-mingw32/bin/../lib/gcc/nios2-elf/5.3.0/../../../../../H-x86_64-mingw32/nios2-elf/lib/mno-hw-mul\libc.a(lib_a-memset.o)
 .data          0x000000000001721c        0x0 c:/intelfpga/18.0/nios2eds/bin/gnu/h-x86_64-mingw32/bin/../lib/gcc/nios2-elf/5.3.0/../../../../../H-x86_64-mingw32/nios2-elf/lib/mno-hw-mul\libc.a(lib_a-stdio.o)
 .data          0x000000000001721c        0x0 c:/intelfpga/18.0/nios2eds/bin/gnu/h-x86_64-mingw32/bin/../lib/gcc/nios2-elf/5.3.0/../../../../../H-x86_64-mingw32/nios2-elf/lib/mno-hw-mul\libc.a(lib_a-writer.o)
 .data          0x000000000001721c        0x0 c:/intelfpga/18.0/nios2eds/bin/gnu/h-x86_64-mingw32/bin/../lib/gcc/nios2-elf/5.3.0/../../../../../H-x86_64-mingw32/nios2-elf/lib/mno-hw-mul\libc.a(closer.o)
 .data          0x000000000001721c        0x0 c:/intelfpga/18.0/nios2eds/bin/gnu/h-x86_64-mingw32/bin/../lib/gcc/nios2-elf/5.3.0/../../../../../H-x86_64-mingw32/nios2-elf/lib/mno-hw-mul\libc.a(lib_a-fclose.o)
 .data          0x000000000001721c        0x0 c:/intelfpga/18.0/nios2eds/bin/gnu/h-x86_64-mingw32/bin/../lib/gcc/nios2-elf/5.3.0/../../../../../H-x86_64-mingw32/nios2-elf/lib/mno-hw-mul\libc.a(lib_a-fstatr.o)
 .data          0x000000000001721c        0x0 c:/intelfpga/18.0/nios2eds/bin/gnu/h-x86_64-mingw32/bin/../lib/gcc/nios2-elf/5.3.0/../../../../../H-x86_64-mingw32/nios2-elf/lib/mno-hw-mul\libc.a(lib_a-isattyr.o)
 .data          0x000000000001721c        0x0 c:/intelfpga/18.0/nios2eds/bin/gnu/h-x86_64-mingw32/bin/../lib/gcc/nios2-elf/5.3.0/../../../../../H-x86_64-mingw32/nios2-elf/lib/mno-hw-mul\libc.a(lib_a-lseekr.o)
 .data          0x000000000001721c        0x0 c:/intelfpga/18.0/nios2eds/bin/gnu/h-x86_64-mingw32/bin/../lib/gcc/nios2-elf/5.3.0/../../../../../H-x86_64-mingw32/nios2-elf/lib/mno-hw-mul\libc.a(lib_a-readr.o)
 .data          0x000000000001721c        0x0 c:/intelfpga/18.0/nios2eds/bin/gnu/h-x86_64-mingw32/bin/../lib/gcc/nios2-elf/5.3.0/mno-hw-mul\libgcc.a(lib2-divmod.o)
 .data          0x000000000001721c        0x0 c:/intelfpga/18.0/nios2eds/bin/gnu/h-x86_64-mingw32/bin/../lib/gcc/nios2-elf/5.3.0/mno-hw-mul\libgcc.a(lib2-mul.o)
 .data          0x000000000001721c        0x0 ../button_test_bsp/\libhal_bsp.a(alt_exit.o)
 .data          0x000000000001721c        0x0 ../button_test_bsp/\libhal_bsp.a(alt_fstat.o)
 .data          0x000000000001721c        0x0 ../button_test_bsp/\libhal_bsp.a(alt_isatty.o)
 .data          0x000000000001721c        0x0 ../button_test_bsp/\libhal_bsp.a(alt_lseek.o)
 .data          0x000000000001721c        0x0 ../button_test_bsp/\libhal_bsp.a(alt_malloc_lock.o)
 .data          0x000000000001721c        0x0 ../button_test_bsp/\libhal_bsp.a(alt_read.o)
 .data          0x000000000001721c        0x0 ../button_test_bsp/\libhal_bsp.a(alt_sbrk.o)
 .data          0x000000000001721c        0x0 ../button_test_bsp/\libhal_bsp.a(alt_write.o)
                0x000000000001f21c                _gp = ABSOLUTE ((. + 0x8000))
                [!provide]                        PROVIDE (gp, _gp)
 *(.rwdata .rwdata.*)
 *(.sdata .sdata.* .gnu.linkonce.s.*)
 .sdata         0x000000000001721c       0x14 ../button_test_bsp/\libhal_bsp.a(alt_dev.o)
                0x000000000001721c                alt_fs_list
                0x0000000000017224                alt_dev_list
                0x000000000001722c                alt_max_fd
 .sdata         0x0000000000017230        0x4 ../button_test_bsp/\libhal_bsp.a(alt_errno.o)
                0x0000000000017230                alt_errno
 .sdata         0x0000000000017234        0x4 ../button_test_bsp/\libhal_bsp.a(alt_irq_vars.o)
                0x0000000000017234                alt_priority_mask
 .sdata         0x0000000000017238        0x8 ../button_test_bsp/\libhal_bsp.a(alt_tick.o)
                0x0000000000017238                alt_alarm_list
 .sdata._global_impure_ptr
                0x0000000000017240        0x4 c:/intelfpga/18.0/nios2eds/bin/gnu/h-x86_64-mingw32/bin/../lib/gcc/nios2-elf/5.3.0/../../../../../H-x86_64-mingw32/nios2-elf/lib/mno-hw-mul\libc.a(lib_a-impure.o)
                0x0000000000017240                _global_impure_ptr
 .sdata._impure_ptr
                0x0000000000017244        0x4 c:/intelfpga/18.0/nios2eds/bin/gnu/h-x86_64-mingw32/bin/../lib/gcc/nios2-elf/5.3.0/../../../../../H-x86_64-mingw32/nios2-elf/lib/mno-hw-mul\libc.a(lib_a-impure.o)
                0x0000000000017244                _impure_ptr
 .sdata.__malloc_sbrk_base
                0x0000000000017248        0x4 c:/intelfpga/18.0/nios2eds/bin/gnu/h-x86_64-mingw32/bin/../lib/gcc/nios2-elf/5.3.0/../../../../../H-x86_64-mingw32/nios2-elf/lib/mno-hw-mul\libc.a(lib_a-mallocr.o)
                0x0000000000017248                __malloc_sbrk_base
 .sdata.__malloc_trim_threshold
                0x000000000001724c        0x4 c:/intelfpga/18.0/nios2eds/bin/gnu/h-x86_64-mingw32/bin/../lib/gcc/nios2-elf/5.3.0/../../../../../H-x86_64-mingw32/nios2-elf/lib/mno-hw-mul\libc.a(lib_a-mallocr.o)
                0x000000000001724c                __malloc_trim_threshold
 .sdata         0x0000000000017250        0x4 ../button_test_bsp/\libhal_bsp.a(alt_sbrk.o)
 *(.sdata2 .sdata2.* .gnu.linkonce.s2.*)
                0x0000000000017254                . = ALIGN (0x4)
                0x0000000000017254                _edata = ABSOLUTE (.)
                [!provide]                        PROVIDE (edata, ABSOLUTE (.))
                0x0000000000017254                PROVIDE (__ram_rwdata_end, ABSOLUTE (.))
                0x0000000000017254                PROVIDE (__flash_rwdata_start, LOADADDR (.rwdata))

.bss            0x0000000000018cc0      0x154
                0x0000000000018cc0                __bss_start = ABSOLUTE (.)
                [!provide]                        PROVIDE (__sbss_start, ABSOLUTE (.))
                [!provide]                        PROVIDE (___sbss_start, ABSOLUTE (.))
 *(.dynsbss)
 *(.sbss .sbss.* .gnu.linkonce.sb.*)
 .sbss          0x0000000000018cc0        0xc ../button_test_bsp/\libhal_bsp.a(alt_main.o)
                0x0000000000018cc0                alt_argc
                0x0000000000018cc4                alt_argv
                0x0000000000018cc8                alt_envp
 .sbss          0x0000000000018ccc        0x4 ../button_test_bsp/\libhal_bsp.a(alt_irq_vars.o)
                0x0000000000018ccc                alt_irq_active
 .sbss          0x0000000000018cd0        0x8 ../button_test_bsp/\libhal_bsp.a(alt_tick.o)
                0x0000000000018cd0                _alt_tick_rate
                0x0000000000018cd4                _alt_nticks
 .sbss          0x0000000000018cd8        0x4 ../button_test_bsp/\libhal_bsp.a(alt_instruction_exception_entry.o)
                0x0000000000018cd8                alt_instruction_exception_handler
 .sbss          0x0000000000018cdc        0x4 c:/intelfpga/18.0/nios2eds/bin/gnu/h-x86_64-mingw32/bin/../lib/gcc/nios2-elf/5.3.0/../../../../../H-x86_64-mingw32/nios2-elf/lib/mno-hw-mul\libc.a(lib_a-int_errno.o)
                0x0000000000018cdc                errno
 .sbss.__malloc_max_total_mem
                0x0000000000018ce0        0x4 c:/intelfpga/18.0/nios2eds/bin/gnu/h-x86_64-mingw32/bin/../lib/gcc/nios2-elf/5.3.0/../../../../../H-x86_64-mingw32/nios2-elf/lib/mno-hw-mul\libc.a(lib_a-mallocr.o)
                0x0000000000018ce0                __malloc_max_total_mem
 .sbss.__malloc_max_sbrked_mem
                0x0000000000018ce4        0x4 c:/intelfpga/18.0/nios2eds/bin/gnu/h-x86_64-mingw32/bin/../lib/gcc/nios2-elf/5.3.0/../../../../../H-x86_64-mingw32/nios2-elf/lib/mno-hw-mul\libc.a(lib_a-mallocr.o)
                0x0000000000018ce4                __malloc_max_sbrked_mem
 .sbss.__malloc_top_pad
                0x0000000000018ce8        0x4 c:/intelfpga/18.0/nios2eds/bin/gnu/h-x86_64-mingw32/bin/../lib/gcc/nios2-elf/5.3.0/../../../../../H-x86_64-mingw32/nios2-elf/lib/mno-hw-mul\libc.a(lib_a-mallocr.o)
                0x0000000000018ce8                __malloc_top_pad
 *(.sbss2 .sbss2.* .gnu.linkonce.sb2.*)
 *(.scommon)
                [!provide]                        PROVIDE (__sbss_end, ABSOLUTE (.))
                [!provide]                        PROVIDE (___sbss_end, ABSOLUTE (.))
 *(.dynbss)
 *(.bss .bss.* .gnu.linkonce.b.*)
 .bss           0x0000000000018cec        0x0 ../button_test_bsp//obj/HAL/src/crt0.o
 .bss           0x0000000000018cec        0x0 obj/default/button_test.o
 .bss           0x0000000000018cec        0x0 ../button_test_bsp/\libhal_bsp.a(alt_load.o)
 .bss           0x0000000000018cec        0x0 ../button_test_bsp/\libhal_bsp.a(alt_main.o)
 .bss           0x0000000000018cec        0x0 ../button_test_bsp/\libhal_bsp.a(alt_putstr.o)
 .bss           0x0000000000018cec        0x0 ../button_test_bsp/\libhal_bsp.a(alt_sys_init.o)
 .bss           0x0000000000018cec        0x0 ../button_test_bsp/\libhal_bsp.a(altera_avalon_jtag_uart_fd.o)
 .bss           0x0000000000018cec        0x0 ../button_test_bsp/\libhal_bsp.a(altera_avalon_jtag_uart_init.o)
 .bss           0x0000000000018cec        0x0 ../button_test_bsp/\libhal_bsp.a(altera_avalon_jtag_uart_ioctl.o)
 .bss           0x0000000000018cec        0x0 ../button_test_bsp/\libhal_bsp.a(altera_avalon_jtag_uart_read.o)
 .bss           0x0000000000018cec        0x0 ../button_test_bsp/\libhal_bsp.a(altera_avalon_jtag_uart_write.o)
 .bss           0x0000000000018cec        0x0 ../button_test_bsp/\libhal_bsp.a(alt_alarm_start.o)
 .bss           0x0000000000018cec        0x0 ../button_test_bsp/\libhal_bsp.a(alt_close.o)
 .bss           0x0000000000018cec        0x0 ../button_test_bsp/\libhal_bsp.a(alt_dcache_flush_all.o)
 .bss           0x0000000000018cec        0x0 ../button_test_bsp/\libhal_bsp.a(alt_dev.o)
 .bss           0x0000000000018cec        0x0 ../button_test_bsp/\libhal_bsp.a(alt_dev_llist_insert.o)
 .bss           0x0000000000018cec        0x0 ../button_test_bsp/\libhal_bsp.a(alt_do_ctors.o)
 .bss           0x0000000000018cec        0x0 ../button_test_bsp/\libhal_bsp.a(alt_do_dtors.o)
 .bss           0x0000000000018cec        0x0 ../button_test_bsp/\libhal_bsp.a(alt_errno.o)
 .bss           0x0000000000018cec        0x0 ../button_test_bsp/\libhal_bsp.a(alt_icache_flush_all.o)
 .bss           0x0000000000018cec        0x0 ../button_test_bsp/\libhal_bsp.a(alt_iic.o)
 .bss           0x0000000000018cec        0x0 ../button_test_bsp/\libhal_bsp.a(alt_iic_isr_register.o)
 .bss           0x0000000000018cec        0x0 ../button_test_bsp/\libhal_bsp.a(alt_io_redirect.o)
 .bss           0x0000000000018cec        0x0 ../button_test_bsp/\libhal_bsp.a(alt_irq_entry.o)
 .bss           0x0000000000018cec        0x0 ../button_test_bsp/\libhal_bsp.a(alt_irq_handler.o)
 .bss           0x0000000000018cec        0x0 ../button_test_bsp/\libhal_bsp.a(alt_irq_vars.o)
 .bss           0x0000000000018cec        0x0 ../button_test_bsp/\libhal_bsp.a(alt_open.o)
 .bss           0x0000000000018cec        0x0 ../button_test_bsp/\libhal_bsp.a(alt_release_fd.o)
 .bss           0x0000000000018cec        0x0 ../button_test_bsp/\libhal_bsp.a(alt_tick.o)
 .bss           0x0000000000018cec        0x0 ../button_test_bsp/\libhal_bsp.a(altera_nios2_gen2_irq.o)
 .bss           0x0000000000018cec        0x0 ../button_test_bsp/\libhal_bsp.a(alt_exception_entry.o)
 .bss           0x0000000000018cec        0x0 ../button_test_bsp/\libhal_bsp.a(alt_find_dev.o)
 .bss           0x0000000000018cec        0x0 ../button_test_bsp/\libhal_bsp.a(alt_find_file.o)
 .bss           0x0000000000018cec        0x0 ../button_test_bsp/\libhal_bsp.a(alt_get_fd.o)
 .bss           0x0000000000018cec        0x0 ../button_test_bsp/\libhal_bsp.a(alt_instruction_exception_entry.o)
 .bss           0x0000000000018cec        0x0 c:/intelfpga/18.0/nios2eds/bin/gnu/h-x86_64-mingw32/bin/../lib/gcc/nios2-elf/5.3.0/../../../../../H-x86_64-mingw32/nios2-elf/lib/mno-hw-mul\libc.a(lib_a-atexit.o)
 .bss           0x0000000000018cec        0x0 c:/intelfpga/18.0/nios2eds/bin/gnu/h-x86_64-mingw32/bin/../lib/gcc/nios2-elf/5.3.0/../../../../../H-x86_64-mingw32/nios2-elf/lib/mno-hw-mul\libc.a(lib_a-exit.o)
 .bss           0x0000000000018cec        0x0 c:/intelfpga/18.0/nios2eds/bin/gnu/h-x86_64-mingw32/bin/../lib/gcc/nios2-elf/5.3.0/../../../../../H-x86_64-mingw32/nios2-elf/lib/mno-hw-mul\libc.a(lib_a-fputs.o)
 .bss           0x0000000000018cec        0x0 c:/intelfpga/18.0/nios2eds/bin/gnu/h-x86_64-mingw32/bin/../lib/gcc/nios2-elf/5.3.0/../../../../../H-x86_64-mingw32/nios2-elf/lib/mno-hw-mul\libc.a(lib_a-fvwrite.o)
 .bss           0x0000000000018cec        0x0 c:/intelfpga/18.0/nios2eds/bin/gnu/h-x86_64-mingw32/bin/../lib/gcc/nios2-elf/5.3.0/../../../../../H-x86_64-mingw32/nios2-elf/lib/mno-hw-mul\libc.a(lib_a-impure.o)
 .bss           0x0000000000018cec        0x0 c:/intelfpga/18.0/nios2eds/bin/gnu/h-x86_64-mingw32/bin/../lib/gcc/nios2-elf/5.3.0/../../../../../H-x86_64-mingw32/nios2-elf/lib/mno-hw-mul\libc.a(lib_a-int_errno.o)
 .bss           0x0000000000018cec        0x0 c:/intelfpga/18.0/nios2eds/bin/gnu/h-x86_64-mingw32/bin/../lib/gcc/nios2-elf/5.3.0/../../../../../H-x86_64-mingw32/nios2-elf/lib/mno-hw-mul\libc.a(lib_a-mallocr.o)
 .bss.__malloc_current_mallinfo
                0x0000000000018cec       0x28 c:/intelfpga/18.0/nios2eds/bin/gnu/h-x86_64-mingw32/bin/../lib/gcc/nios2-elf/5.3.0/../../../../../H-x86_64-mingw32/nios2-elf/lib/mno-hw-mul\libc.a(lib_a-mallocr.o)
                0x0000000000018cec                __malloc_current_mallinfo
 .bss           0x0000000000018d14        0x0 c:/intelfpga/18.0/nios2eds/bin/gnu/h-x86_64-mingw32/bin/../lib/gcc/nios2-elf/5.3.0/../../../../../H-x86_64-mingw32/nios2-elf/lib/mno-hw-mul\libc.a(lib_a-memchr.o)
 .bss           0x0000000000018d14        0x0 c:/intelfpga/18.0/nios2eds/bin/gnu/h-x86_64-mingw32/bin/../lib/gcc/nios2-elf/5.3.0/../../../../../H-x86_64-mingw32/nios2-elf/lib/mno-hw-mul\libc.a(lib_a-memcmp.o)
 .bss           0x0000000000018d14        0x0 c:/intelfpga/18.0/nios2eds/bin/gnu/h-x86_64-mingw32/bin/../lib/gcc/nios2-elf/5.3.0/../../../../../H-x86_64-mingw32/nios2-elf/lib/mno-hw-mul\libc.a(lib_a-memcpy.o)
 .bss           0x0000000000018d14        0x0 c:/intelfpga/18.0/nios2eds/bin/gnu/h-x86_64-mingw32/bin/../lib/gcc/nios2-elf/5.3.0/../../../../../H-x86_64-mingw32/nios2-elf/lib/mno-hw-mul\libc.a(lib_a-memmove.o)
 .bss           0x0000000000018d14        0x0 c:/intelfpga/18.0/nios2eds/bin/gnu/h-x86_64-mingw32/bin/../lib/gcc/nios2-elf/5.3.0/../../../../../H-x86_64-mingw32/nios2-elf/lib/mno-hw-mul\libc.a(lib_a-reallocr.o)
 .bss           0x0000000000018d14        0x0 c:/intelfpga/18.0/nios2eds/bin/gnu/h-x86_64-mingw32/bin/../lib/gcc/nios2-elf/5.3.0/../../../../../H-x86_64-mingw32/nios2-elf/lib/mno-hw-mul\libc.a(lib_a-sbrkr.o)
 .bss           0x0000000000018d14        0x0 c:/intelfpga/18.0/nios2eds/bin/gnu/h-x86_64-mingw32/bin/../lib/gcc/nios2-elf/5.3.0/../../../../../H-x86_64-mingw32/nios2-elf/lib/mno-hw-mul\libc.a(lib_a-strlen.o)
 .bss           0x0000000000018d14        0x0 c:/intelfpga/18.0/nios2eds/bin/gnu/h-x86_64-mingw32/bin/../lib/gcc/nios2-elf/5.3.0/../../../../../H-x86_64-mingw32/nios2-elf/lib/mno-hw-mul\libc.a(lib_a-wsetup.o)
 .bss           0x0000000000018d14        0x0 c:/intelfpga/18.0/nios2eds/bin/gnu/h-x86_64-mingw32/bin/../lib/gcc/nios2-elf/5.3.0/../../../../../H-x86_64-mingw32/nios2-elf/lib/mno-hw-mul\libc.a(lib_a-__atexit.o)
 .bss           0x0000000000018d14        0x0 c:/intelfpga/18.0/nios2eds/bin/gnu/h-x86_64-mingw32/bin/../lib/gcc/nios2-elf/5.3.0/../../../../../H-x86_64-mingw32/nios2-elf/lib/mno-hw-mul\libc.a(lib_a-__call_atexit.o)
 .bss           0x0000000000018d14        0x0 c:/intelfpga/18.0/nios2eds/bin/gnu/h-x86_64-mingw32/bin/../lib/gcc/nios2-elf/5.3.0/../../../../../H-x86_64-mingw32/nios2-elf/lib/mno-hw-mul\libc.a(lib_a-fflush.o)
 .bss           0x0000000000018d14        0x0 c:/intelfpga/18.0/nios2eds/bin/gnu/h-x86_64-mingw32/bin/../lib/gcc/nios2-elf/5.3.0/../../../../../H-x86_64-mingw32/nios2-elf/lib/mno-hw-mul\libc.a(lib_a-findfp.o)
 .bss           0x0000000000018d14        0x0 c:/intelfpga/18.0/nios2eds/bin/gnu/h-x86_64-mingw32/bin/../lib/gcc/nios2-elf/5.3.0/../../../../../H-x86_64-mingw32/nios2-elf/lib/mno-hw-mul\libc.a(lib_a-freer.o)
 .bss           0x0000000000018d14        0x0 c:/intelfpga/18.0/nios2eds/bin/gnu/h-x86_64-mingw32/bin/../lib/gcc/nios2-elf/5.3.0/../../../../../H-x86_64-mingw32/nios2-elf/lib/mno-hw-mul\libc.a(lib_a-fwalk.o)
 .bss           0x0000000000018d14        0x0 c:/intelfpga/18.0/nios2eds/bin/gnu/h-x86_64-mingw32/bin/../lib/gcc/nios2-elf/5.3.0/../../../../../H-x86_64-mingw32/nios2-elf/lib/mno-hw-mul\libc.a(lib_a-makebuf.o)
 .bss           0x0000000000018d14        0x0 c:/intelfpga/18.0/nios2eds/bin/gnu/h-x86_64-mingw32/bin/../lib/gcc/nios2-elf/5.3.0/../../../../../H-x86_64-mingw32/nios2-elf/lib/mno-hw-mul\libc.a(lib_a-memset.o)
 .bss           0x0000000000018d14        0x0 c:/intelfpga/18.0/nios2eds/bin/gnu/h-x86_64-mingw32/bin/../lib/gcc/nios2-elf/5.3.0/../../../../../H-x86_64-mingw32/nios2-elf/lib/mno-hw-mul\libc.a(lib_a-stdio.o)
 .bss           0x0000000000018d14        0x0 c:/intelfpga/18.0/nios2eds/bin/gnu/h-x86_64-mingw32/bin/../lib/gcc/nios2-elf/5.3.0/../../../../../H-x86_64-mingw32/nios2-elf/lib/mno-hw-mul\libc.a(lib_a-writer.o)
 .bss           0x0000000000018d14        0x0 c:/intelfpga/18.0/nios2eds/bin/gnu/h-x86_64-mingw32/bin/../lib/gcc/nios2-elf/5.3.0/../../../../../H-x86_64-mingw32/nios2-elf/lib/mno-hw-mul\libc.a(closer.o)
 .bss           0x0000000000018d14        0x0 c:/intelfpga/18.0/nios2eds/bin/gnu/h-x86_64-mingw32/bin/../lib/gcc/nios2-elf/5.3.0/../../../../../H-x86_64-mingw32/nios2-elf/lib/mno-hw-mul\libc.a(lib_a-fclose.o)
 .bss           0x0000000000018d14        0x0 c:/intelfpga/18.0/nios2eds/bin/gnu/h-x86_64-mingw32/bin/../lib/gcc/nios2-elf/5.3.0/../../../../../H-x86_64-mingw32/nios2-elf/lib/mno-hw-mul\libc.a(lib_a-fstatr.o)
 .bss           0x0000000000018d14        0x0 c:/intelfpga/18.0/nios2eds/bin/gnu/h-x86_64-mingw32/bin/../lib/gcc/nios2-elf/5.3.0/../../../../../H-x86_64-mingw32/nios2-elf/lib/mno-hw-mul\libc.a(lib_a-isattyr.o)
 .bss           0x0000000000018d14        0x0 c:/intelfpga/18.0/nios2eds/bin/gnu/h-x86_64-mingw32/bin/../lib/gcc/nios2-elf/5.3.0/../../../../../H-x86_64-mingw32/nios2-elf/lib/mno-hw-mul\libc.a(lib_a-lseekr.o)
 .bss           0x0000000000018d14        0x0 c:/intelfpga/18.0/nios2eds/bin/gnu/h-x86_64-mingw32/bin/../lib/gcc/nios2-elf/5.3.0/../../../../../H-x86_64-mingw32/nios2-elf/lib/mno-hw-mul\libc.a(lib_a-readr.o)
 .bss           0x0000000000018d14        0x0 c:/intelfpga/18.0/nios2eds/bin/gnu/h-x86_64-mingw32/bin/../lib/gcc/nios2-elf/5.3.0/mno-hw-mul\libgcc.a(lib2-divmod.o)
 .bss           0x0000000000018d14        0x0 c:/intelfpga/18.0/nios2eds/bin/gnu/h-x86_64-mingw32/bin/../lib/gcc/nios2-elf/5.3.0/mno-hw-mul\libgcc.a(lib2-mul.o)
 .bss           0x0000000000018d14        0x0 ../button_test_bsp/\libhal_bsp.a(alt_exit.o)
 .bss           0x0000000000018d14        0x0 ../button_test_bsp/\libhal_bsp.a(alt_fstat.o)
 .bss           0x0000000000018d14        0x0 ../button_test_bsp/\libhal_bsp.a(alt_isatty.o)
 .bss           0x0000000000018d14        0x0 ../button_test_bsp/\libhal_bsp.a(alt_lseek.o)
 .bss           0x0000000000018d14        0x0 ../button_test_bsp/\libhal_bsp.a(alt_malloc_lock.o)
 .bss           0x0000000000018d14        0x0 ../button_test_bsp/\libhal_bsp.a(alt_read.o)
 .bss           0x0000000000018d14        0x0 ../button_test_bsp/\libhal_bsp.a(alt_sbrk.o)
 .bss           0x0000000000018d14        0x0 ../button_test_bsp/\libhal_bsp.a(alt_write.o)
 *(COMMON)
 COMMON         0x0000000000018d14      0x100 ../button_test_bsp/\libhal_bsp.a(alt_irq_handler.o)
                0x0000000000018d14                alt_irq
                0x0000000000018e14                . = ALIGN (0x4)
                0x0000000000018e14                __bss_end = ABSOLUTE (.)

.onchip_ram     0x0000000000018e14        0x0
                [!provide]                        PROVIDE (_alt_partition_onchip_ram_start, ABSOLUTE (.))
 *(.onchip_ram .onchip_ram. onchip_ram.*)
                0x0000000000018e14                . = ALIGN (0x4)
                [!provide]                        PROVIDE (_alt_partition_onchip_ram_end, ABSOLUTE (.))
                0x0000000000018e14                _end = ABSOLUTE (.)
                0x0000000000018e14                end = ABSOLUTE (.)
                0x0000000000018e14                __alt_stack_base = ABSOLUTE (.)
                [!provide]                        PROVIDE (_alt_partition_onchip_ram_load_addr, LOADADDR (.onchip_ram))

.stab
 *(.stab)

.stabstr
 *(.stabstr)

.stab.excl
 *(.stab.excl)

.stab.exclstr
 *(.stab.exclstr)

.stab.index
 *(.stab.index)

.stab.indexstr
 *(.stab.indexstr)

.comment        0x0000000000000000       0x23
 *(.comment)
 .comment       0x0000000000000000       0x23 obj/default/button_test.o
                                         0x24 (size before relaxing)
 .comment       0x0000000000000023       0x24 ../button_test_bsp/\libhal_bsp.a(alt_load.o)
 .comment       0x0000000000000023       0x24 ../button_test_bsp/\libhal_bsp.a(alt_main.o)
 .comment       0x0000000000000023       0x24 ../button_test_bsp/\libhal_bsp.a(alt_putstr.o)
 .comment       0x0000000000000023       0x24 ../button_test_bsp/\libhal_bsp.a(alt_sys_init.o)
 .comment       0x0000000000000023       0x24 ../button_test_bsp/\libhal_bsp.a(altera_avalon_jtag_uart_fd.o)
 .comment       0x0000000000000023       0x24 ../button_test_bsp/\libhal_bsp.a(altera_avalon_jtag_uart_init.o)
 .comment       0x0000000000000023       0x24 ../button_test_bsp/\libhal_bsp.a(altera_avalon_jtag_uart_ioctl.o)
 .comment       0x0000000000000023       0x24 ../button_test_bsp/\libhal_bsp.a(altera_avalon_jtag_uart_read.o)
 .comment       0x0000000000000023       0x24 ../button_test_bsp/\libhal_bsp.a(altera_avalon_jtag_uart_write.o)
 .comment       0x0000000000000023       0x24 ../button_test_bsp/\libhal_bsp.a(alt_alarm_start.o)
 .comment       0x0000000000000023       0x24 ../button_test_bsp/\libhal_bsp.a(alt_close.o)
 .comment       0x0000000000000023       0x24 ../button_test_bsp/\libhal_bsp.a(alt_dcache_flush_all.o)
 .comment       0x0000000000000023       0x24 ../button_test_bsp/\libhal_bsp.a(alt_dev.o)
 .comment       0x0000000000000023       0x24 ../button_test_bsp/\libhal_bsp.a(alt_dev_llist_insert.o)
 .comment       0x0000000000000023       0x24 ../button_test_bsp/\libhal_bsp.a(alt_do_ctors.o)
 .comment       0x0000000000000023       0x24 ../button_test_bsp/\libhal_bsp.a(alt_do_dtors.o)
 .comment       0x0000000000000023       0x24 ../button_test_bsp/\libhal_bsp.a(alt_errno.o)
 .comment       0x0000000000000023       0x24 ../button_test_bsp/\libhal_bsp.a(alt_icache_flush_all.o)
 .comment       0x0000000000000023       0x24 ../button_test_bsp/\libhal_bsp.a(alt_iic.o)
 .comment       0x0000000000000023       0x24 ../button_test_bsp/\libhal_bsp.a(alt_iic_isr_register.o)
 .comment       0x0000000000000023       0x24 ../button_test_bsp/\libhal_bsp.a(alt_io_redirect.o)
 .comment       0x0000000000000023       0x24 ../button_test_bsp/\libhal_bsp.a(alt_irq_handler.o)
 .comment       0x0000000000000023       0x24 ../button_test_bsp/\libhal_bsp.a(alt_irq_vars.o)
 .comment       0x0000000000000023       0x24 ../button_test_bsp/\libhal_bsp.a(alt_open.o)
 .comment       0x0000000000000023       0x24 ../button_test_bsp/\libhal_bsp.a(alt_release_fd.o)
 .comment       0x0000000000000023       0x24 ../button_test_bsp/\libhal_bsp.a(alt_tick.o)
 .comment       0x0000000000000023       0x24 ../button_test_bsp/\libhal_bsp.a(altera_nios2_gen2_irq.o)
 .comment       0x0000000000000023       0x24 ../button_test_bsp/\libhal_bsp.a(alt_find_dev.o)
 .comment       0x0000000000000023       0x24 ../button_test_bsp/\libhal_bsp.a(alt_find_file.o)
 .comment       0x0000000000000023       0x24 ../button_test_bsp/\libhal_bsp.a(alt_get_fd.o)
 .comment       0x0000000000000023       0x24 ../button_test_bsp/\libhal_bsp.a(alt_instruction_exception_entry.o)
 .comment       0x0000000000000023       0x24 c:/intelfpga/18.0/nios2eds/bin/gnu/h-x86_64-mingw32/bin/../lib/gcc/nios2-elf/5.3.0/../../../../../H-x86_64-mingw32/nios2-elf/lib/mno-hw-mul\libc.a(lib_a-atexit.o)
 .comment       0x0000000000000023       0x24 c:/intelfpga/18.0/nios2eds/bin/gnu/h-x86_64-mingw32/bin/../lib/gcc/nios2-elf/5.3.0/../../../../../H-x86_64-mingw32/nios2-elf/lib/mno-hw-mul\libc.a(lib_a-exit.o)
 .comment       0x0000000000000023       0x24 c:/intelfpga/18.0/nios2eds/bin/gnu/h-x86_64-mingw32/bin/../lib/gcc/nios2-elf/5.3.0/../../../../../H-x86_64-mingw32/nios2-elf/lib/mno-hw-mul\libc.a(lib_a-fputs.o)
 .comment       0x0000000000000023       0x24 c:/intelfpga/18.0/nios2eds/bin/gnu/h-x86_64-mingw32/bin/../lib/gcc/nios2-elf/5.3.0/../../../../../H-x86_64-mingw32/nios2-elf/lib/mno-hw-mul\libc.a(lib_a-fvwrite.o)
 .comment       0x0000000000000023       0x24 c:/intelfpga/18.0/nios2eds/bin/gnu/h-x86_64-mingw32/bin/../lib/gcc/nios2-elf/5.3.0/../../../../../H-x86_64-mingw32/nios2-elf/lib/mno-hw-mul\libc.a(lib_a-impure.o)
 .comment       0x0000000000000023       0x24 c:/intelfpga/18.0/nios2eds/bin/gnu/h-x86_64-mingw32/bin/../lib/gcc/nios2-elf/5.3.0/../../../../../H-x86_64-mingw32/nios2-elf/lib/mno-hw-mul\libc.a(lib_a-int_errno.o)
 .comment       0x0000000000000023       0x24 c:/intelfpga/18.0/nios2eds/bin/gnu/h-x86_64-mingw32/bin/../lib/gcc/nios2-elf/5.3.0/../../../../../H-x86_64-mingw32/nios2-elf/lib/mno-hw-mul\libc.a(lib_a-mallocr.o)
 .comment       0x0000000000000023       0x24 c:/intelfpga/18.0/nios2eds/bin/gnu/h-x86_64-mingw32/bin/../lib/gcc/nios2-elf/5.3.0/../../../../../H-x86_64-mingw32/nios2-elf/lib/mno-hw-mul\libc.a(lib_a-memchr.o)
 .comment       0x0000000000000023       0x24 c:/intelfpga/18.0/nios2eds/bin/gnu/h-x86_64-mingw32/bin/../lib/gcc/nios2-elf/5.3.0/../../../../../H-x86_64-mingw32/nios2-elf/lib/mno-hw-mul\libc.a(lib_a-memcmp.o)
 .comment       0x0000000000000023       0x24 c:/intelfpga/18.0/nios2eds/bin/gnu/h-x86_64-mingw32/bin/../lib/gcc/nios2-elf/5.3.0/../../../../../H-x86_64-mingw32/nios2-elf/lib/mno-hw-mul\libc.a(lib_a-memcpy.o)
 .comment       0x0000000000000023       0x24 c:/intelfpga/18.0/nios2eds/bin/gnu/h-x86_64-mingw32/bin/../lib/gcc/nios2-elf/5.3.0/../../../../../H-x86_64-mingw32/nios2-elf/lib/mno-hw-mul\libc.a(lib_a-memmove.o)
 .comment       0x0000000000000023       0x24 c:/intelfpga/18.0/nios2eds/bin/gnu/h-x86_64-mingw32/bin/../lib/gcc/nios2-elf/5.3.0/../../../../../H-x86_64-mingw32/nios2-elf/lib/mno-hw-mul\libc.a(lib_a-reallocr.o)
 .comment       0x0000000000000023       0x24 c:/intelfpga/18.0/nios2eds/bin/gnu/h-x86_64-mingw32/bin/../lib/gcc/nios2-elf/5.3.0/../../../../../H-x86_64-mingw32/nios2-elf/lib/mno-hw-mul\libc.a(lib_a-sbrkr.o)
 .comment       0x0000000000000023       0x24 c:/intelfpga/18.0/nios2eds/bin/gnu/h-x86_64-mingw32/bin/../lib/gcc/nios2-elf/5.3.0/../../../../../H-x86_64-mingw32/nios2-elf/lib/mno-hw-mul\libc.a(lib_a-strlen.o)
 .comment       0x0000000000000023       0x24 c:/intelfpga/18.0/nios2eds/bin/gnu/h-x86_64-mingw32/bin/../lib/gcc/nios2-elf/5.3.0/../../../../../H-x86_64-mingw32/nios2-elf/lib/mno-hw-mul\libc.a(lib_a-wsetup.o)
 .comment       0x0000000000000023       0x24 c:/intelfpga/18.0/nios2eds/bin/gnu/h-x86_64-mingw32/bin/../lib/gcc/nios2-elf/5.3.0/../../../../../H-x86_64-mingw32/nios2-elf/lib/mno-hw-mul\libc.a(lib_a-__atexit.o)
 .comment       0x0000000000000023       0x24 c:/intelfpga/18.0/nios2eds/bin/gnu/h-x86_64-mingw32/bin/../lib/gcc/nios2-elf/5.3.0/../../../../../H-x86_64-mingw32/nios2-elf/lib/mno-hw-mul\libc.a(lib_a-__call_atexit.o)
 .comment       0x0000000000000023       0x24 c:/intelfpga/18.0/nios2eds/bin/gnu/h-x86_64-mingw32/bin/../lib/gcc/nios2-elf/5.3.0/../../../../../H-x86_64-mingw32/nios2-elf/lib/mno-hw-mul\libc.a(lib_a-fflush.o)
 .comment       0x0000000000000023       0x24 c:/intelfpga/18.0/nios2eds/bin/gnu/h-x86_64-mingw32/bin/../lib/gcc/nios2-elf/5.3.0/../../../../../H-x86_64-mingw32/nios2-elf/lib/mno-hw-mul\libc.a(lib_a-findfp.o)
 .comment       0x0000000000000023       0x24 c:/intelfpga/18.0/nios2eds/bin/gnu/h-x86_64-mingw32/bin/../lib/gcc/nios2-elf/5.3.0/../../../../../H-x86_64-mingw32/nios2-elf/lib/mno-hw-mul\libc.a(lib_a-freer.o)
 .comment       0x0000000000000023       0x24 c:/intelfpga/18.0/nios2eds/bin/gnu/h-x86_64-mingw32/bin/../lib/gcc/nios2-elf/5.3.0/../../../../../H-x86_64-mingw32/nios2-elf/lib/mno-hw-mul\libc.a(lib_a-fwalk.o)
 .comment       0x0000000000000023       0x24 c:/intelfpga/18.0/nios2eds/bin/gnu/h-x86_64-mingw32/bin/../lib/gcc/nios2-elf/5.3.0/../../../../../H-x86_64-mingw32/nios2-elf/lib/mno-hw-mul\libc.a(lib_a-makebuf.o)
 .comment       0x0000000000000023       0x24 c:/intelfpga/18.0/nios2eds/bin/gnu/h-x86_64-mingw32/bin/../lib/gcc/nios2-elf/5.3.0/../../../../../H-x86_64-mingw32/nios2-elf/lib/mno-hw-mul\libc.a(lib_a-memset.o)
 .comment       0x0000000000000023       0x24 c:/intelfpga/18.0/nios2eds/bin/gnu/h-x86_64-mingw32/bin/../lib/gcc/nios2-elf/5.3.0/../../../../../H-x86_64-mingw32/nios2-elf/lib/mno-hw-mul\libc.a(lib_a-stdio.o)
 .comment       0x0000000000000023       0x24 c:/intelfpga/18.0/nios2eds/bin/gnu/h-x86_64-mingw32/bin/../lib/gcc/nios2-elf/5.3.0/../../../../../H-x86_64-mingw32/nios2-elf/lib/mno-hw-mul\libc.a(lib_a-writer.o)
 .comment       0x0000000000000023       0x24 c:/intelfpga/18.0/nios2eds/bin/gnu/h-x86_64-mingw32/bin/../lib/gcc/nios2-elf/5.3.0/../../../../../H-x86_64-mingw32/nios2-elf/lib/mno-hw-mul\libc.a(closer.o)
 .comment       0x0000000000000023       0x24 c:/intelfpga/18.0/nios2eds/bin/gnu/h-x86_64-mingw32/bin/../lib/gcc/nios2-elf/5.3.0/../../../../../H-x86_64-mingw32/nios2-elf/lib/mno-hw-mul\libc.a(lib_a-fclose.o)
 .comment       0x0000000000000023       0x24 c:/intelfpga/18.0/nios2eds/bin/gnu/h-x86_64-mingw32/bin/../lib/gcc/nios2-elf/5.3.0/../../../../../H-x86_64-mingw32/nios2-elf/lib/mno-hw-mul\libc.a(lib_a-fstatr.o)
 .comment       0x0000000000000023       0x24 c:/intelfpga/18.0/nios2eds/bin/gnu/h-x86_64-mingw32/bin/../lib/gcc/nios2-elf/5.3.0/../../../../../H-x86_64-mingw32/nios2-elf/lib/mno-hw-mul\libc.a(lib_a-isattyr.o)
 .comment       0x0000000000000023       0x24 c:/intelfpga/18.0/nios2eds/bin/gnu/h-x86_64-mingw32/bin/../lib/gcc/nios2-elf/5.3.0/../../../../../H-x86_64-mingw32/nios2-elf/lib/mno-hw-mul\libc.a(lib_a-lseekr.o)
 .comment       0x0000000000000023       0x24 c:/intelfpga/18.0/nios2eds/bin/gnu/h-x86_64-mingw32/bin/../lib/gcc/nios2-elf/5.3.0/../../../../../H-x86_64-mingw32/nios2-elf/lib/mno-hw-mul\libc.a(lib_a-readr.o)
 .comment       0x0000000000000023       0x24 c:/intelfpga/18.0/nios2eds/bin/gnu/h-x86_64-mingw32/bin/../lib/gcc/nios2-elf/5.3.0/mno-hw-mul\libgcc.a(lib2-divmod.o)
 .comment       0x0000000000000023       0x24 c:/intelfpga/18.0/nios2eds/bin/gnu/h-x86_64-mingw32/bin/../lib/gcc/nios2-elf/5.3.0/mno-hw-mul\libgcc.a(lib2-mul.o)
 .comment       0x0000000000000023       0x24 ../button_test_bsp/\libhal_bsp.a(alt_exit.o)
 .comment       0x0000000000000023       0x24 ../button_test_bsp/\libhal_bsp.a(alt_fstat.o)
 .comment       0x0000000000000023       0x24 ../button_test_bsp/\libhal_bsp.a(alt_isatty.o)
 .comment       0x0000000000000023       0x24 ../button_test_bsp/\libhal_bsp.a(alt_lseek.o)
 .comment       0x0000000000000023       0x24 ../button_test_bsp/\libhal_bsp.a(alt_malloc_lock.o)
 .comment       0x0000000000000023       0x24 ../button_test_bsp/\libhal_bsp.a(alt_read.o)
 .comment       0x0000000000000023       0x24 ../button_test_bsp/\libhal_bsp.a(alt_sbrk.o)
 .comment       0x0000000000000023       0x24 ../button_test_bsp/\libhal_bsp.a(alt_write.o)

.debug
 *(.debug)

.line
 *(.line)

.debug_srcinfo
 *(.debug_srcinfo)

.debug_sfnames
 *(.debug_sfnames)

.debug_aranges  0x0000000000000000      0xa30
 *(.debug_aranges)
 .debug_aranges
                0x0000000000000000       0x28 ../button_test_bsp//obj/HAL/src/crt0.o
 .debug_aranges
                0x0000000000000028       0x20 obj/default/button_test.o
 .debug_aranges
                0x0000000000000048       0x20 ../button_test_bsp/\libhal_bsp.a(alt_load.o)
 .debug_aranges
                0x0000000000000068       0x20 ../button_test_bsp/\libhal_bsp.a(alt_main.o)
 .debug_aranges
                0x0000000000000088       0x20 ../button_test_bsp/\libhal_bsp.a(alt_putstr.o)
 .debug_aranges
                0x00000000000000a8       0x20 ../button_test_bsp/\libhal_bsp.a(alt_sys_init.o)
 .debug_aranges
                0x00000000000000c8       0x20 ../button_test_bsp/\libhal_bsp.a(altera_avalon_jtag_uart_fd.o)
 .debug_aranges
                0x00000000000000e8       0x20 ../button_test_bsp/\libhal_bsp.a(altera_avalon_jtag_uart_init.o)
 .debug_aranges
                0x0000000000000108       0x20 ../button_test_bsp/\libhal_bsp.a(altera_avalon_jtag_uart_ioctl.o)
 .debug_aranges
                0x0000000000000128       0x20 ../button_test_bsp/\libhal_bsp.a(altera_avalon_jtag_uart_read.o)
 .debug_aranges
                0x0000000000000148       0x20 ../button_test_bsp/\libhal_bsp.a(altera_avalon_jtag_uart_write.o)
 .debug_aranges
                0x0000000000000168       0x20 ../button_test_bsp/\libhal_bsp.a(alt_alarm_start.o)
 .debug_aranges
                0x0000000000000188       0x20 ../button_test_bsp/\libhal_bsp.a(alt_close.o)
 .debug_aranges
                0x00000000000001a8       0x20 ../button_test_bsp/\libhal_bsp.a(alt_dcache_flush_all.o)
 .debug_aranges
                0x00000000000001c8       0x20 ../button_test_bsp/\libhal_bsp.a(alt_dev.o)
 .debug_aranges
                0x00000000000001e8       0x20 ../button_test_bsp/\libhal_bsp.a(alt_dev_llist_insert.o)
 .debug_aranges
                0x0000000000000208       0x20 ../button_test_bsp/\libhal_bsp.a(alt_do_ctors.o)
 .debug_aranges
                0x0000000000000228       0x20 ../button_test_bsp/\libhal_bsp.a(alt_do_dtors.o)
 .debug_aranges
                0x0000000000000248       0x18 ../button_test_bsp/\libhal_bsp.a(alt_errno.o)
 .debug_aranges
                0x0000000000000260       0x20 ../button_test_bsp/\libhal_bsp.a(alt_icache_flush_all.o)
 .debug_aranges
                0x0000000000000280       0x20 ../button_test_bsp/\libhal_bsp.a(alt_iic.o)
 .debug_aranges
                0x00000000000002a0       0x20 ../button_test_bsp/\libhal_bsp.a(alt_iic_isr_register.o)
 .debug_aranges
                0x00000000000002c0       0x20 ../button_test_bsp/\libhal_bsp.a(alt_io_redirect.o)
 .debug_aranges
                0x00000000000002e0       0x30 ../button_test_bsp/\libhal_bsp.a(alt_irq_entry.o)
 .debug_aranges
                0x0000000000000310       0x20 ../button_test_bsp/\libhal_bsp.a(alt_irq_handler.o)
 .debug_aranges
                0x0000000000000330       0x18 ../button_test_bsp/\libhal_bsp.a(alt_irq_vars.o)
 .debug_aranges
                0x0000000000000348       0x20 ../button_test_bsp/\libhal_bsp.a(alt_open.o)
 .debug_aranges
                0x0000000000000368       0x20 ../button_test_bsp/\libhal_bsp.a(alt_release_fd.o)
 .debug_aranges
                0x0000000000000388       0x20 ../button_test_bsp/\libhal_bsp.a(alt_tick.o)
 .debug_aranges
                0x00000000000003a8       0x20 ../button_test_bsp/\libhal_bsp.a(altera_nios2_gen2_irq.o)
 .debug_aranges
                0x00000000000003c8       0x38 ../button_test_bsp/\libhal_bsp.a(alt_exception_entry.o)
 .debug_aranges
                0x0000000000000400       0x20 ../button_test_bsp/\libhal_bsp.a(alt_find_dev.o)
 .debug_aranges
                0x0000000000000420       0x20 ../button_test_bsp/\libhal_bsp.a(alt_find_file.o)
 .debug_aranges
                0x0000000000000440       0x20 ../button_test_bsp/\libhal_bsp.a(alt_get_fd.o)
 .debug_aranges
                0x0000000000000460       0x28 ../button_test_bsp/\libhal_bsp.a(alt_instruction_exception_entry.o)
 .debug_aranges
                0x0000000000000488       0x20 c:/intelfpga/18.0/nios2eds/bin/gnu/h-x86_64-mingw32/bin/../lib/gcc/nios2-elf/5.3.0/../../../../../H-x86_64-mingw32/nios2-elf/lib/mno-hw-mul\libc.a(lib_a-atexit.o)
 .debug_aranges
                0x00000000000004a8       0x20 c:/intelfpga/18.0/nios2eds/bin/gnu/h-x86_64-mingw32/bin/../lib/gcc/nios2-elf/5.3.0/../../../../../H-x86_64-mingw32/nios2-elf/lib/mno-hw-mul\libc.a(lib_a-exit.o)
 .debug_aranges
                0x00000000000004c8       0x28 c:/intelfpga/18.0/nios2eds/bin/gnu/h-x86_64-mingw32/bin/../lib/gcc/nios2-elf/5.3.0/../../../../../H-x86_64-mingw32/nios2-elf/lib/mno-hw-mul\libc.a(lib_a-fputs.o)
 .debug_aranges
                0x00000000000004f0       0x20 c:/intelfpga/18.0/nios2eds/bin/gnu/h-x86_64-mingw32/bin/../lib/gcc/nios2-elf/5.3.0/../../../../../H-x86_64-mingw32/nios2-elf/lib/mno-hw-mul\libc.a(lib_a-fvwrite.o)
 .debug_aranges
                0x0000000000000510       0x18 c:/intelfpga/18.0/nios2eds/bin/gnu/h-x86_64-mingw32/bin/../lib/gcc/nios2-elf/5.3.0/../../../../../H-x86_64-mingw32/nios2-elf/lib/mno-hw-mul\libc.a(lib_a-impure.o)
 .debug_aranges
                0x0000000000000528       0x18 c:/intelfpga/18.0/nios2eds/bin/gnu/h-x86_64-mingw32/bin/../lib/gcc/nios2-elf/5.3.0/../../../../../H-x86_64-mingw32/nios2-elf/lib/mno-hw-mul\libc.a(lib_a-int_errno.o)
 .debug_aranges
                0x0000000000000540       0x20 c:/intelfpga/18.0/nios2eds/bin/gnu/h-x86_64-mingw32/bin/../lib/gcc/nios2-elf/5.3.0/../../../../../H-x86_64-mingw32/nios2-elf/lib/mno-hw-mul\libc.a(lib_a-mallocr.o)
 .debug_aranges
                0x0000000000000560       0x20 c:/intelfpga/18.0/nios2eds/bin/gnu/h-x86_64-mingw32/bin/../lib/gcc/nios2-elf/5.3.0/../../../../../H-x86_64-mingw32/nios2-elf/lib/mno-hw-mul\libc.a(lib_a-memchr.o)
 .debug_aranges
                0x0000000000000580       0x20 c:/intelfpga/18.0/nios2eds/bin/gnu/h-x86_64-mingw32/bin/../lib/gcc/nios2-elf/5.3.0/../../../../../H-x86_64-mingw32/nios2-elf/lib/mno-hw-mul\libc.a(lib_a-memcmp.o)
 .debug_aranges
                0x00000000000005a0       0x20 c:/intelfpga/18.0/nios2eds/bin/gnu/h-x86_64-mingw32/bin/../lib/gcc/nios2-elf/5.3.0/../../../../../H-x86_64-mingw32/nios2-elf/lib/mno-hw-mul\libc.a(lib_a-memcpy.o)
 .debug_aranges
                0x00000000000005c0       0x20 c:/intelfpga/18.0/nios2eds/bin/gnu/h-x86_64-mingw32/bin/../lib/gcc/nios2-elf/5.3.0/../../../../../H-x86_64-mingw32/nios2-elf/lib/mno-hw-mul\libc.a(lib_a-memmove.o)
 .debug_aranges
                0x00000000000005e0       0x20 c:/intelfpga/18.0/nios2eds/bin/gnu/h-x86_64-mingw32/bin/../lib/gcc/nios2-elf/5.3.0/../../../../../H-x86_64-mingw32/nios2-elf/lib/mno-hw-mul\libc.a(lib_a-reallocr.o)
 .debug_aranges
                0x0000000000000600       0x20 c:/intelfpga/18.0/nios2eds/bin/gnu/h-x86_64-mingw32/bin/../lib/gcc/nios2-elf/5.3.0/../../../../../H-x86_64-mingw32/nios2-elf/lib/mno-hw-mul\libc.a(lib_a-sbrkr.o)
 .debug_aranges
                0x0000000000000620       0x20 c:/intelfpga/18.0/nios2eds/bin/gnu/h-x86_64-mingw32/bin/../lib/gcc/nios2-elf/5.3.0/../../../../../H-x86_64-mingw32/nios2-elf/lib/mno-hw-mul\libc.a(lib_a-strlen.o)
 .debug_aranges
                0x0000000000000640       0x20 c:/intelfpga/18.0/nios2eds/bin/gnu/h-x86_64-mingw32/bin/../lib/gcc/nios2-elf/5.3.0/../../../../../H-x86_64-mingw32/nios2-elf/lib/mno-hw-mul\libc.a(lib_a-wsetup.o)
 .debug_aranges
                0x0000000000000660       0x20 c:/intelfpga/18.0/nios2eds/bin/gnu/h-x86_64-mingw32/bin/../lib/gcc/nios2-elf/5.3.0/../../../../../H-x86_64-mingw32/nios2-elf/lib/mno-hw-mul\libc.a(lib_a-__atexit.o)
 .debug_aranges
                0x0000000000000680       0x20 c:/intelfpga/18.0/nios2eds/bin/gnu/h-x86_64-mingw32/bin/../lib/gcc/nios2-elf/5.3.0/../../../../../H-x86_64-mingw32/nios2-elf/lib/mno-hw-mul\libc.a(lib_a-__call_atexit.o)
 .debug_aranges
                0x00000000000006a0       0x30 c:/intelfpga/18.0/nios2eds/bin/gnu/h-x86_64-mingw32/bin/../lib/gcc/nios2-elf/5.3.0/../../../../../H-x86_64-mingw32/nios2-elf/lib/mno-hw-mul\libc.a(lib_a-fflush.o)
 .debug_aranges
                0x00000000000006d0       0x68 c:/intelfpga/18.0/nios2eds/bin/gnu/h-x86_64-mingw32/bin/../lib/gcc/nios2-elf/5.3.0/../../../../../H-x86_64-mingw32/nios2-elf/lib/mno-hw-mul\libc.a(lib_a-findfp.o)
 .debug_aranges
                0x0000000000000738       0x28 c:/intelfpga/18.0/nios2eds/bin/gnu/h-x86_64-mingw32/bin/../lib/gcc/nios2-elf/5.3.0/../../../../../H-x86_64-mingw32/nios2-elf/lib/mno-hw-mul\libc.a(lib_a-freer.o)
 .debug_aranges
                0x0000000000000760       0x28 c:/intelfpga/18.0/nios2eds/bin/gnu/h-x86_64-mingw32/bin/../lib/gcc/nios2-elf/5.3.0/../../../../../H-x86_64-mingw32/nios2-elf/lib/mno-hw-mul\libc.a(lib_a-fwalk.o)
 .debug_aranges
                0x0000000000000788       0x20 c:/intelfpga/18.0/nios2eds/bin/gnu/h-x86_64-mingw32/bin/../lib/gcc/nios2-elf/5.3.0/../../../../../H-x86_64-mingw32/nios2-elf/lib/mno-hw-mul\libc.a(lib_a-makebuf.o)
 .debug_aranges
                0x00000000000007a8       0x20 c:/intelfpga/18.0/nios2eds/bin/gnu/h-x86_64-mingw32/bin/../lib/gcc/nios2-elf/5.3.0/../../../../../H-x86_64-mingw32/nios2-elf/lib/mno-hw-mul\libc.a(lib_a-memset.o)
 .debug_aranges
                0x00000000000007c8       0x40 c:/intelfpga/18.0/nios2eds/bin/gnu/h-x86_64-mingw32/bin/../lib/gcc/nios2-elf/5.3.0/../../../../../H-x86_64-mingw32/nios2-elf/lib/mno-hw-mul\libc.a(lib_a-stdio.o)
 .debug_aranges
                0x0000000000000808       0x20 c:/intelfpga/18.0/nios2eds/bin/gnu/h-x86_64-mingw32/bin/../lib/gcc/nios2-elf/5.3.0/../../../../../H-x86_64-mingw32/nios2-elf/lib/mno-hw-mul\libc.a(lib_a-writer.o)
 .debug_aranges
                0x0000000000000828       0x20 c:/intelfpga/18.0/nios2eds/bin/gnu/h-x86_64-mingw32/bin/../lib/gcc/nios2-elf/5.3.0/../../../../../H-x86_64-mingw32/nios2-elf/lib/mno-hw-mul\libc.a(closer.o)
 .debug_aranges
                0x0000000000000848       0x28 c:/intelfpga/18.0/nios2eds/bin/gnu/h-x86_64-mingw32/bin/../lib/gcc/nios2-elf/5.3.0/../../../../../H-x86_64-mingw32/nios2-elf/lib/mno-hw-mul\libc.a(lib_a-fclose.o)
 .debug_aranges
                0x0000000000000870       0x20 c:/intelfpga/18.0/nios2eds/bin/gnu/h-x86_64-mingw32/bin/../lib/gcc/nios2-elf/5.3.0/../../../../../H-x86_64-mingw32/nios2-elf/lib/mno-hw-mul\libc.a(lib_a-fstatr.o)
 .debug_aranges
                0x0000000000000890       0x20 c:/intelfpga/18.0/nios2eds/bin/gnu/h-x86_64-mingw32/bin/../lib/gcc/nios2-elf/5.3.0/../../../../../H-x86_64-mingw32/nios2-elf/lib/mno-hw-mul\libc.a(lib_a-isattyr.o)
 .debug_aranges
                0x00000000000008b0       0x20 c:/intelfpga/18.0/nios2eds/bin/gnu/h-x86_64-mingw32/bin/../lib/gcc/nios2-elf/5.3.0/../../../../../H-x86_64-mingw32/nios2-elf/lib/mno-hw-mul\libc.a(lib_a-lseekr.o)
 .debug_aranges
                0x00000000000008d0       0x20 c:/intelfpga/18.0/nios2eds/bin/gnu/h-x86_64-mingw32/bin/../lib/gcc/nios2-elf/5.3.0/../../../../../H-x86_64-mingw32/nios2-elf/lib/mno-hw-mul\libc.a(lib_a-readr.o)
 .debug_aranges
                0x00000000000008f0       0x20 c:/intelfpga/18.0/nios2eds/bin/gnu/h-x86_64-mingw32/bin/../lib/gcc/nios2-elf/5.3.0/mno-hw-mul\libgcc.a(lib2-divmod.o)
 .debug_aranges
                0x0000000000000910       0x20 c:/intelfpga/18.0/nios2eds/bin/gnu/h-x86_64-mingw32/bin/../lib/gcc/nios2-elf/5.3.0/mno-hw-mul\libgcc.a(lib2-mul.o)
 .debug_aranges
                0x0000000000000930       0x20 ../button_test_bsp/\libhal_bsp.a(alt_exit.o)
 .debug_aranges
                0x0000000000000950       0x20 ../button_test_bsp/\libhal_bsp.a(alt_fstat.o)
 .debug_aranges
                0x0000000000000970       0x20 ../button_test_bsp/\libhal_bsp.a(alt_isatty.o)
 .debug_aranges
                0x0000000000000990       0x20 ../button_test_bsp/\libhal_bsp.a(alt_lseek.o)
 .debug_aranges
                0x00000000000009b0       0x20 ../button_test_bsp/\libhal_bsp.a(alt_malloc_lock.o)
 .debug_aranges
                0x00000000000009d0       0x20 ../button_test_bsp/\libhal_bsp.a(alt_read.o)
 .debug_aranges
                0x00000000000009f0       0x20 ../button_test_bsp/\libhal_bsp.a(alt_sbrk.o)
 .debug_aranges
                0x0000000000000a10       0x20 ../button_test_bsp/\libhal_bsp.a(alt_write.o)

.debug_pubnames
 *(.debug_pubnames)

.debug_info     0x0000000000000000    0x16b44
 *(.debug_info .gnu.linkonce.wi.*)
 .debug_info    0x0000000000000000       0x7f ../button_test_bsp//obj/HAL/src/crt0.o
 .debug_info    0x000000000000007f       0xa6 obj/default/button_test.o
 .debug_info    0x0000000000000125      0x145 ../button_test_bsp/\libhal_bsp.a(alt_load.o)
 .debug_info    0x000000000000026a      0x131 ../button_test_bsp/\libhal_bsp.a(alt_main.o)
 .debug_info    0x000000000000039b      0x8a8 ../button_test_bsp/\libhal_bsp.a(alt_putstr.o)
 .debug_info    0x0000000000000c43      0x4c3 ../button_test_bsp/\libhal_bsp.a(alt_sys_init.o)
 .debug_info    0x0000000000001106      0x52e ../button_test_bsp/\libhal_bsp.a(altera_avalon_jtag_uart_fd.o)
 .debug_info    0x0000000000001634      0x3a0 ../button_test_bsp/\libhal_bsp.a(altera_avalon_jtag_uart_init.o)
 .debug_info    0x00000000000019d4      0x280 ../button_test_bsp/\libhal_bsp.a(altera_avalon_jtag_uart_ioctl.o)
 .debug_info    0x0000000000001c54      0x345 ../button_test_bsp/\libhal_bsp.a(altera_avalon_jtag_uart_read.o)
 .debug_info    0x0000000000001f99      0x340 ../button_test_bsp/\libhal_bsp.a(altera_avalon_jtag_uart_write.o)
 .debug_info    0x00000000000022d9      0x2cc ../button_test_bsp/\libhal_bsp.a(alt_alarm_start.o)
 .debug_info    0x00000000000025a5      0x321 ../button_test_bsp/\libhal_bsp.a(alt_close.o)
 .debug_info    0x00000000000028c6       0x92 ../button_test_bsp/\libhal_bsp.a(alt_dcache_flush_all.o)
 .debug_info    0x0000000000002958      0x49c ../button_test_bsp/\libhal_bsp.a(alt_dev.o)
 .debug_info    0x0000000000002df4      0x1a9 ../button_test_bsp/\libhal_bsp.a(alt_dev_llist_insert.o)
 .debug_info    0x0000000000002f9d       0x83 ../button_test_bsp/\libhal_bsp.a(alt_do_ctors.o)
 .debug_info    0x0000000000003020       0x83 ../button_test_bsp/\libhal_bsp.a(alt_do_dtors.o)
 .debug_info    0x00000000000030a3       0xa6 ../button_test_bsp/\libhal_bsp.a(alt_errno.o)
 .debug_info    0x0000000000003149       0x92 ../button_test_bsp/\libhal_bsp.a(alt_icache_flush_all.o)
 .debug_info    0x00000000000031db      0x350 ../button_test_bsp/\libhal_bsp.a(alt_iic.o)
 .debug_info    0x000000000000352b      0x1ef ../button_test_bsp/\libhal_bsp.a(alt_iic_isr_register.o)
 .debug_info    0x000000000000371a      0x4a5 ../button_test_bsp/\libhal_bsp.a(alt_io_redirect.o)
 .debug_info    0x0000000000003bbf       0x88 ../button_test_bsp/\libhal_bsp.a(alt_irq_entry.o)
 .debug_info    0x0000000000003c47      0x187 ../button_test_bsp/\libhal_bsp.a(alt_irq_handler.o)
 .debug_info    0x0000000000003dce       0x88 ../button_test_bsp/\libhal_bsp.a(alt_irq_vars.o)
 .debug_info    0x0000000000003e56      0x3bb ../button_test_bsp/\libhal_bsp.a(alt_open.o)
 .debug_info    0x0000000000004211      0x2b0 ../button_test_bsp/\libhal_bsp.a(alt_release_fd.o)
 .debug_info    0x00000000000044c1      0x299 ../button_test_bsp/\libhal_bsp.a(alt_tick.o)
 .debug_info    0x000000000000475a       0x92 ../button_test_bsp/\libhal_bsp.a(altera_nios2_gen2_irq.o)
 .debug_info    0x00000000000047ec       0x8e ../button_test_bsp/\libhal_bsp.a(alt_exception_entry.o)
 .debug_info    0x000000000000487a      0x2e9 ../button_test_bsp/\libhal_bsp.a(alt_find_dev.o)
 .debug_info    0x0000000000004b63      0x2e6 ../button_test_bsp/\libhal_bsp.a(alt_find_file.o)
 .debug_info    0x0000000000004e49      0x310 ../button_test_bsp/\libhal_bsp.a(alt_get_fd.o)
 .debug_info    0x0000000000005159      0x1e7 ../button_test_bsp/\libhal_bsp.a(alt_instruction_exception_entry.o)
 .debug_info    0x0000000000005340       0xfe c:/intelfpga/18.0/nios2eds/bin/gnu/h-x86_64-mingw32/bin/../lib/gcc/nios2-elf/5.3.0/../../../../../H-x86_64-mingw32/nios2-elf/lib/mno-hw-mul\libc.a(lib_a-atexit.o)
 .debug_info    0x000000000000543e      0x8e4 c:/intelfpga/18.0/nios2eds/bin/gnu/h-x86_64-mingw32/bin/../lib/gcc/nios2-elf/5.3.0/../../../../../H-x86_64-mingw32/nios2-elf/lib/mno-hw-mul\libc.a(lib_a-exit.o)
 .debug_info    0x0000000000005d22      0xa41 c:/intelfpga/18.0/nios2eds/bin/gnu/h-x86_64-mingw32/bin/../lib/gcc/nios2-elf/5.3.0/../../../../../H-x86_64-mingw32/nios2-elf/lib/mno-hw-mul\libc.a(lib_a-fputs.o)